== report
stmt 1: a : Edge
stmt 2: b : Edge<Int>
stmt 3: error: undefined variable x
stmt 3: error: undefined variable y
stmt 3: error: undefined variable z
stmt 3: error: undefined variable w
stmt 3: c : Edge
stmt 4: error: unknown struct Edge
stmt 4: d : unknown
stmt 5: error: unknown struct Edge
stmt 5: e : unknown
stmt 6: error: unknown struct Edge
stmt 6: f : unknown
stmt 7: error: unknown struct Edge
stmt 7: g : unknown
stmt 8: error: unknown struct Edge
stmt 8: h : unknown
stmt 9: error: unknown struct Edge
stmt 9: i : unknown
typecheck: 10 error(s)
== incidence
stmt 1: a : Edge
stmt 2: b : Edge<Int>
error[T000]: undefined variable x
 --> FILE:5:1
  |
5 | let c = Edge(x & y, z / w)
  | ^
error[T000]: undefined variable y
 --> FILE:5:1
  |
5 | let c = Edge(x & y, z / w)
  | ^
error[T000]: undefined variable z
 --> FILE:5:1
  |
5 | let c = Edge(x & y, z / w)
  | ^
error[T000]: undefined variable w
 --> FILE:5:1
  |
5 | let c = Edge(x & y, z / w)
  | ^
stmt 3: c : Edge
error[T040]: unknown struct Edge
 --> FILE:6:1
  |
6 | let d = Edge(5, {2})
  | ^
stmt 4: d : unknown
error[T040]: unknown struct Edge
 --> FILE:7:1
  |
7 | let e = Edge({1}, 5)
  | ^
stmt 5: e : unknown
error[T040]: unknown struct Edge
 --> FILE:8:1
  |
8 | let f = Edge({1})
  | ^
stmt 6: f : unknown
error[T040]: unknown struct Edge
 --> FILE:9:1
  |
9 | let g = Edge({1}, {2}, 3, 4)
  | ^
stmt 7: g : unknown
error[T040]: unknown struct Edge
 --> FILE:10:1
   |
10 | let h = Edge<Int>({1}, {2})
   | ^
stmt 8: h : unknown
error[T040]: unknown struct Edge
 --> FILE:11:1
   |
11 | let i = Edge()
   | ^
stmt 9: i : unknown
typecheck: 10 error(s)
== facts
stmt 1: a : Edge
stmt 2: b : Edge<Int>
error[T000]: undefined variable x
 --> FILE:5:1
  |
5 | let c = Edge(x & y, z / w)
  | ^
error[T000]: undefined variable y
 --> FILE:5:1
  |
5 | let c = Edge(x & y, z / w)
  | ^
error[T000]: undefined variable z
 --> FILE:5:1
  |
5 | let c = Edge(x & y, z / w)
  | ^
error[T000]: undefined variable w
 --> FILE:5:1
  |
5 | let c = Edge(x & y, z / w)
  | ^
stmt 3: c : Edge
error[T040]: unknown struct Edge
 --> FILE:6:1
  |
6 | let d = Edge(5, {2})
  | ^
stmt 4: d : unknown
error[T040]: unknown struct Edge
 --> FILE:7:1
  |
7 | let e = Edge({1}, 5)
  | ^
stmt 5: e : unknown
error[T040]: unknown struct Edge
 --> FILE:8:1
  |
8 | let f = Edge({1})
  | ^
stmt 6: f : unknown
error[T040]: unknown struct Edge
 --> FILE:9:1
  |
9 | let g = Edge({1}, {2}, 3, 4)
  | ^
stmt 7: g : unknown
error[T040]: unknown struct Edge
 --> FILE:10:1
   |
10 | let h = Edge<Int>({1}, {2})
   | ^
stmt 8: h : unknown
error[T040]: unknown struct Edge
 --> FILE:11:1
   |
11 | let i = Edge()
   | ^
stmt 9: i : unknown
typecheck: 10 error(s)
