== report
stmt 1: error: undefined variable x
stmt 1: error: undefined variable y
stmt 1: error: undefined variable z
stmt 1: a : Set<>
stmt 2: b : Edge
stmt 3: c : Set<Int>
typecheck: 3 error(s)
== incidence
error[T000]: undefined variable x
 --> FILE:1:1
  |
1 | let a = (x & y) ^ z
  | ^
error[T000]: undefined variable y
 --> FILE:1:1
  |
1 | let a = (x & y) ^ z
  | ^
error[T000]: undefined variable z
 --> FILE:1:1
  |
1 | let a = (x & y) ^ z
  | ^
stmt 1: a : Set<>
stmt 2: b : Edge
stmt 3: c : Set<Int>
typecheck: 3 error(s)
== facts
error[T000]: undefined variable x
 --> FILE:1:1
  |
1 | let a = (x & y) ^ z
  | ^
error[T000]: undefined variable y
 --> FILE:1:1
  |
1 | let a = (x & y) ^ z
  | ^
error[T000]: undefined variable z
 --> FILE:1:1
  |
1 | let a = (x & y) ^ z
  | ^
stmt 1: a : Set<>
stmt 2: b : Edge
stmt 3: c : Set<Int>
typecheck: 3 error(s)
