== report
stmt 1: error: unknown type 'A'
stmt 1: error: unknown type 'B'
stmt 1: error: unknown type 'C'
stmt 1: a : Set<>
stmt 2: b : mut Set<Int> + Set<String>
stmt 3: error: only set types can be summed; 'P' is not a set
stmt 3: error: only set types can be summed; 'Q' is not a set
typecheck: 5 error(s)
== incidence
error[T040]: unknown type 'A'
 --> FILE:1:1
  |
1 | let a: Set<A + B> + Set<C> = {}
  | ^
error[T040]: unknown type 'B'
 --> FILE:1:1
  |
1 | let a: Set<A + B> + Set<C> = {}
  | ^
error[T040]: unknown type 'C'
 --> FILE:1:1
  |
1 | let a: Set<A + B> + Set<C> = {}
  | ^
stmt 1: a : Set<>
stmt 2: b : mut Set<Int> + Set<String>
error[T000]: only set types can be summed; 'P' is not a set
 --> FILE:3:1
  |
3 | type Z<P, Q> = Set<Edge<P + Q>>
  | ^
error[T000]: only set types can be summed; 'Q' is not a set
 --> FILE:3:1
  |
3 | type Z<P, Q> = Set<Edge<P + Q>>
  | ^
typecheck: 5 error(s)
== facts
error[T040]: unknown type 'A'
 --> FILE:1:1
  |
1 | let a: Set<A + B> + Set<C> = {}
  | ^
error[T040]: unknown type 'B'
 --> FILE:1:1
  |
1 | let a: Set<A + B> + Set<C> = {}
  | ^
error[T040]: unknown type 'C'
 --> FILE:1:1
  |
1 | let a: Set<A + B> + Set<C> = {}
  | ^
stmt 1: a : Set<>
stmt 2: b : mut Set<Int> + Set<String>
error[T000]: only set types can be summed; 'P' is not a set
 --> FILE:3:1
  |
3 | type Z<P, Q> = Set<Edge<P + Q>>
  | ^
error[T000]: only set types can be summed; 'Q' is not a set
 --> FILE:3:1
  |
3 | type Z<P, Q> = Set<Edge<P + Q>>
  | ^
typecheck: 5 error(s)
