⚠ [1130/2272] Replayed ACUIhE.Solver.Search
warning: ACUIhE/Solver/Search.lean:182:0: automatically included section variable(s) unused in theorem `ACUIhE.Solver.Prepared.incompatible_ready`:
  [DecidableEq Var]
consider restructuring your `variable` declarations so that the variables are not in scope or explicitly omit them:
  omit [DecidableEq Var] in theorem ...

Note: This linter can be disabled with `set_option linter.unusedSectionVars false`
✔ [2264/2275] Built ACUIhE.Solver.Elimination (1.5s)
✔ [2266/2275] Built ACUIhE.Solver.Decision (992ms)
✔ [2268/2275] Built ACUIhE.Solver (909ms)
✔ [2270/2275] Built Benchmarks.Fuzz (1.5s)
ℹ [2273/2275] Built Benchmarks.OptimizationTests (1.5s)
info: Benchmarks/OptimizationTests.lean:91:0: 'ACUIhE.Solver.solve_sound' depends on axioms: [propext, Classical.choice, Quot.sound]
info: Benchmarks/OptimizationTests.lean:92:0: 'ACUIhE.Solver.solve_sound_eval' depends on axioms: [propext, Classical.choice, Quot.sound]
info: Benchmarks/OptimizationTests.lean:93:0: 'ACUIhE.Solver.solve_complete_of_unifier' depends on axioms: [propext, Classical.choice, Quot.sound]
info: Benchmarks/OptimizationTests.lean:94:0: 'ACUIhE.Solver.solve_none_iff' depends on axioms: [propext, Classical.choice, Quot.sound]
info: Benchmarks/OptimizationTests.lean:95:0: 'ACUIhE.Solver.isUnifiable_iff' depends on axioms: [propext, Classical.choice, Quot.sound]
info: Benchmarks/OptimizationTests.lean:96:0: 'ACUIhE.Solver.Elimination.run_unifiable_iff' depends on axioms: [propext, Classical.choice, Quot.sound]
info: Benchmarks/OptimizationTests.lean:97:0: 'ACUIhE.FILO.Coordinates.defer_eq' depends on axioms: [propext, Classical.choice, Quot.sound]
info: Benchmarks/OptimizationTests.lean:98:0: 'ACUIhE.Solver.Prepared.required_positive' depends on axioms: [propext, Classical.choice, Quot.sound]
info: Benchmarks/OptimizationTests.lean:100:0: 'ACUIhE.Solver.Prepared.dependency_order' depends on axioms: [propext, Classical.choice, Quot.sound]
info: Benchmarks/OptimizationTests.lean:101:0: 'ACUIhE.Solver.compatible_necessary' depends on axioms: [propext, Classical.choice, Quot.sound]
info: Benchmarks/OptimizationTests.lean:102:0: 'ACUIhE.Solver.ForcedMatching.outer_project' depends on axioms: [propext, Classical.choice, Quot.sound]
info: Benchmarks/OptimizationTests.lean:103:0: 'ACUIhE.Solver.ForcedMatching.forced_eq' depends on axioms: [propext, Classical.choice, Quot.sound]
info: Benchmarks/OptimizationTests.lean:104:0: 'ACUIhE.Solver.ForcedMatching.extra_sound' depends on axioms: [propext, Classical.choice, Quot.sound]
info: Benchmarks/OptimizationTests.lean:105:0: 'ACUIhE.Solver.Decomposition.run_correct' depends on axioms: [propext, Classical.choice, Quot.sound]
info: Benchmarks/OptimizationTests.lean:106:0: 'ACUIhE.Solver.Elimination.select_progress' depends on axioms: [propext, Classical.choice, Quot.sound]
✔ [2274/2275] Built Benchmarks.OptimizationTests:c.o (1.0s)
✔ [2275/2275] Built acuihe_optimization_tests:exe (1.6s)
Build completed successfully (2275 jobs).
