⚠ [1158/2324] Replayed ACUIhE.Solver.Search
warning: ACUIhE/Solver/Search.lean:182:0: automatically included section variable(s) unused in theorem `ACUIhE.Solver.Prepared.incompatible_ready`:
  [DecidableEq Var]
consider restructuring your `variable` declarations so that the variables are not in scope or explicitly omit them:
  omit [DecidableEq Var] in theorem ...

Note: This linter can be disabled with `set_option linter.unusedSectionVars false`
✔ [2310/2330] Built ACUIhE.Solver.ForcedMatching (1.9s)
✔ [2311/2330] Built ACUIhE.Solver.ForcedMatching:c.o (500ms)
✔ [2312/2330] Built ACUIhE.Solver.Decomposition (2.6s)
✔ [2313/2330] Built ACUIhE.Solver.Decomposition:c.o (215ms)
✔ [2314/2330] Built ACUIhE.Solver.Elimination (1.0s)
✔ [2315/2330] Built ACUIhE.Solver.Elimination:c.o (175ms)
✔ [2316/2330] Built ACUIhE.Solver.Decision (1.2s)
✔ [2318/2330] Built ACUIhE.Solver (1.1s)
✔ [2320/2330] Built ACUIhE (1.5s)
✔ [2322/2330] Built Benchmarks.Fuzz (1.9s)
ℹ [2323/2330] Built Benchmarks.OptimizationTests (1.9s)
info: Benchmarks/OptimizationTests.lean:91:0: 'ACUIhE.Solver.solve_sound' depends on axioms: [propext, Classical.choice, Quot.sound]
info: Benchmarks/OptimizationTests.lean:92:0: 'ACUIhE.Solver.solve_sound_eval' depends on axioms: [propext, Classical.choice, Quot.sound]
info: Benchmarks/OptimizationTests.lean:93:0: 'ACUIhE.Solver.solve_complete_of_unifier' depends on axioms: [propext, Classical.choice, Quot.sound]
info: Benchmarks/OptimizationTests.lean:94:0: 'ACUIhE.Solver.solve_none_iff' depends on axioms: [propext, Classical.choice, Quot.sound]
info: Benchmarks/OptimizationTests.lean:95:0: 'ACUIhE.Solver.isUnifiable_iff' depends on axioms: [propext, Classical.choice, Quot.sound]
info: Benchmarks/OptimizationTests.lean:96:0: 'ACUIhE.Solver.Elimination.run_unifiable_iff' depends on axioms: [propext, Classical.choice, Quot.sound]
info: Benchmarks/OptimizationTests.lean:97:0: 'ACUIhE.FILO.Coordinates.defer_eq' depends on axioms: [propext, Classical.choice, Quot.sound]
info: Benchmarks/OptimizationTests.lean:98:0: 'ACUIhE.Solver.Prepared.required_positive' depends on axioms: [propext, Classical.choice, Quot.sound]
info: Benchmarks/OptimizationTests.lean:100:0: 'ACUIhE.Solver.Prepared.dependency_order' depends on axioms: [propext, Classical.choice, Quot.sound]
info: Benchmarks/OptimizationTests.lean:101:0: 'ACUIhE.Solver.compatible_necessary' depends on axioms: [propext, Classical.choice, Quot.sound]
info: Benchmarks/OptimizationTests.lean:102:0: 'ACUIhE.Solver.ForcedMatching.outer_project' depends on axioms: [propext, Classical.choice, Quot.sound]
info: Benchmarks/OptimizationTests.lean:103:0: 'ACUIhE.Solver.ForcedMatching.forced_eq' depends on axioms: [propext, Classical.choice, Quot.sound]
info: Benchmarks/OptimizationTests.lean:104:0: 'ACUIhE.Solver.ForcedMatching.extra_sound' depends on axioms: [propext, Classical.choice, Quot.sound]
info: Benchmarks/OptimizationTests.lean:105:0: 'ACUIhE.Solver.Decomposition.run_correct' depends on axioms: [propext, Classical.choice, Quot.sound]
info: Benchmarks/OptimizationTests.lean:106:0: 'ACUIhE.Solver.Elimination.select_progress' depends on axioms: [propext, Classical.choice, Quot.sound]
✔ [2324/2330] Built Main (1.1s)
✔ [2326/2330] Built Benchmarks.OptimizationTests:c.o (995ms)
✔ [2327/2330] Built Benchmarks.Fuzz:c.o (1.1s)
ℹ [2328/2330] Built acuihe_bench:exe (1.9s)
info: stderr:
ld64.lld: warning: directory not found for option -L/usr/local/lib
ℹ [2329/2330] Built acuihe_optimization_tests:exe (1.0s)
info: stderr:
ld64.lld: warning: directory not found for option -L/usr/local/lib
ℹ [2330/2330] Built acuihe:exe (2.2s)
info: stderr:
ld64.lld: warning: directory not found for option -L/usr/local/lib
Build completed successfully (2330 jobs).
