== report
stmt 1: g0 : Set<Edge> + Set<UndirectedEdge> + Set<Graph>
stmt 2: m0 : mut Set<Edge> + Set<UndirectedEdge>
stmt 3: e0 : mut Edge
stmt 4: u0 : mut UndirectedEdge
stmt 5: s0 : mut Set<Int>
stmt 6: error: type parameter 'P1' of struct S1 is never used by a field
stmt 7: error: mut Graph m0 cannot be a set element; snapshot it first: let m01: Graph = m0
stmt 7: error: operand of '^' mints a token with '#', which can never match an existing value — pin it (#N) or bind the value to a name first
stmt 7: error: mut Graph m0 cannot be a set element; snapshot it first: let m01: Graph = m0
stmt 7: error: head of an edge must be a vertex set, but contains edges
stmt 7: error: declared v2: Fronce, but found type Edge<Int>
stmt 7: v2 : Fronce
stmt 8: error: declared v3: Int, but found type UndirectedEdge
stmt 8: v3 : Int
stmt 9: error: an anonymous graph value cannot be a set element; bind it to a name with let first
stmt 9: error: '^=' on e0: the RHS of side surgery must be a plain Edge, found Edge<String> (surgery never edits payloads)
stmt 9: e0 : mut Edge
stmt 10: error: type parameter 'P0' of struct S4 is never used by a field
stmt 11: error: cannot use struct S1 because its definition was invalid
stmt 12: v6 : Set<Edge> + Set<Graph>
typecheck: 11 error(s)
== incidence
stmt 1: g0 : Set<Edge> + Set<UndirectedEdge> + Set<Graph>
stmt 2: m0 : mut Set<Edge> + Set<UndirectedEdge>
stmt 3: e0 : mut Edge
stmt 4: u0 : mut UndirectedEdge
stmt 5: s0 : mut Set<Int>
error[T030]: type parameter 'P1' of struct S1 is never used by a field
 --> FILE:6:1
  |
6 | struct S1<P0, P1> { f0: String, f1: P0 }
  | ^
error[T000]: mut Graph m0 cannot be a set element; snapshot it first: let m01: Graph = m0
 --> FILE:7:1
  |
7 | let v2: Fronce = {{-2} ^ {m0} ^ {#}} -[7]-> {{{m0} -> {1.5}}}
  | ^
error[T000]: operand of '^' mints a token with '#', which can never match an existing value — pin it (#N) or bind the value to a name first
 --> FILE:7:1
  |
7 | let v2: Fronce = {{-2} ^ {m0} ^ {#}} -[7]-> {{{m0} -> {1.5}}}
  | ^
error[T000]: mut Graph m0 cannot be a set element; snapshot it first: let m01: Graph = m0
 --> FILE:7:1
  |
7 | let v2: Fronce = {{-2} ^ {m0} ^ {#}} -[7]-> {{{m0} -> {1.5}}}
  | ^
error[T000]: head of an edge must be a vertex set, but contains edges
 --> FILE:7:1
  |
7 | let v2: Fronce = {{-2} ^ {m0} ^ {#}} -[7]-> {{{m0} -> {1.5}}}
  | ^
error[T010]: declared v2: Fronce, but found type Edge<Int>
 --> FILE:7:1
  |
7 | let v2: Fronce = {{-2} ^ {m0} ^ {#}} -[7]-> {{{m0} -> {1.5}}}
  | ^
stmt 7: v2 : Fronce
error[T010]: declared v3: Int, but found type UndirectedEdge
 --> FILE:8:1
  |
8 | let v3: Int = u0
  | ^
stmt 8: v3 : Int
error[T000]: an anonymous graph value cannot be a set element; bind it to a name with let first
 --> FILE:9:1
  |
9 | e0 ^= {{g0} / {"s"} / {-2}} -["s"]-> {{v2, -2}}
  | ^
error[T000]: '^=' on e0: the RHS of side surgery must be a plain Edge, found Edge<String> (surgery never edits payloads)
 --> FILE:9:1
  |
9 | e0 ^= {{g0} / {"s"} / {-2}} -["s"]-> {{v2, -2}}
  | ^
stmt 9: e0 : mut Edge
error[T030]: type parameter 'P0' of struct S4 is never used by a field
 --> FILE:10:1
   |
10 | struct S4<P0, P1> { f0: P1 }
   | ^
error[T032]: cannot use struct S1 because its definition was invalid
 --> FILE:11:1
   |
11 | type S5 = S1
   | ^
  = note: fix the earlier struct definition before using this constructor
stmt 12: v6 : Set<Edge> + Set<Graph>
typecheck: 11 error(s)
== facts
stmt 1: g0 : Set<Edge> + Set<UndirectedEdge> + Set<Graph>
stmt 2: m0 : mut Set<Edge> + Set<UndirectedEdge>
stmt 3: e0 : mut Edge
stmt 4: u0 : mut UndirectedEdge
stmt 5: s0 : mut Set<Int>
error[T030]: type parameter 'P1' of struct S1 is never used by a field
 --> FILE:6:1
  |
6 | struct S1<P0, P1> { f0: String, f1: P0 }
  | ^
error[T000]: mut Graph m0 cannot be a set element; snapshot it first: let m01: Graph = m0
 --> FILE:7:1
  |
7 | let v2: Fronce = {{-2} ^ {m0} ^ {#}} -[7]-> {{{m0} -> {1.5}}}
  | ^
error[T000]: operand of '^' mints a token with '#', which can never match an existing value — pin it (#N) or bind the value to a name first
 --> FILE:7:1
  |
7 | let v2: Fronce = {{-2} ^ {m0} ^ {#}} -[7]-> {{{m0} -> {1.5}}}
  | ^
error[T000]: mut Graph m0 cannot be a set element; snapshot it first: let m01: Graph = m0
 --> FILE:7:1
  |
7 | let v2: Fronce = {{-2} ^ {m0} ^ {#}} -[7]-> {{{m0} -> {1.5}}}
  | ^
error[T000]: head of an edge must be a vertex set, but contains edges
 --> FILE:7:1
  |
7 | let v2: Fronce = {{-2} ^ {m0} ^ {#}} -[7]-> {{{m0} -> {1.5}}}
  | ^
error[T010]: declared v2: Fronce, but found type Edge<Int>
 --> FILE:7:1
  |
7 | let v2: Fronce = {{-2} ^ {m0} ^ {#}} -[7]-> {{{m0} -> {1.5}}}
  | ^
stmt 7: v2 : Fronce
error[T010]: declared v3: Int, but found type UndirectedEdge
 --> FILE:8:1
  |
8 | let v3: Int = u0
  | ^
stmt 8: v3 : Int
error[T000]: an anonymous graph value cannot be a set element; bind it to a name with let first
 --> FILE:9:1
  |
9 | e0 ^= {{g0} / {"s"} / {-2}} -["s"]-> {{v2, -2}}
  | ^
error[T000]: '^=' on e0: the RHS of side surgery must be a plain Edge, found Edge<String> (surgery never edits payloads)
 --> FILE:9:1
  |
9 | e0 ^= {{g0} / {"s"} / {-2}} -["s"]-> {{v2, -2}}
  | ^
stmt 9: e0 : mut Edge
error[T030]: type parameter 'P0' of struct S4 is never used by a field
 --> FILE:10:1
   |
10 | struct S4<P0, P1> { f0: P1 }
   | ^
error[T032]: cannot use struct S1 because its definition was invalid
 --> FILE:11:1
   |
11 | type S5 = S1
   | ^
  = note: fix the earlier struct definition before using this constructor
stmt 12: v6 : Set<Edge> + Set<Graph>
typecheck: 11 error(s)
