== report
stmt 1: g0 : Set<Edge> + Set<UndirectedEdge> + Set<Graph>
stmt 2: m0 : mut Set<Edge> + Set<UndirectedEdge>
stmt 3: e0 : mut Edge
stmt 4: u0 : mut UndirectedEdge
stmt 5: s0 : mut Set<Int>
stmt 6: error: declared v1: Decimal, but found type Int
stmt 6: v1 : Decimal
stmt 7: error: '&=' on u0: found type Set<Edge> + Set<UndirectedEdge> + Set<Graph>, needed type UndirectedEdge
stmt 7: u0 : mut UndirectedEdge
stmt 8: v2 : Set<UndirectedEdge>
typecheck: 2 error(s)
== incidence
stmt 1: g0 : Set<Edge> + Set<UndirectedEdge> + Set<Graph>
stmt 2: m0 : mut Set<Edge> + Set<UndirectedEdge>
stmt 3: e0 : mut Edge
stmt 4: u0 : mut UndirectedEdge
stmt 5: s0 : mut Set<Int>
error[T010]: declared v1: Decimal, but found type Int
 --> FILE:6:1
  |
6 | let v1: Decimal = -2
  | ^
stmt 6: v1 : Decimal
error[T000]: '&=' on u0: found type Set<Edge> + Set<UndirectedEdge> + Set<Graph>, needed type UndirectedEdge
 --> FILE:7:1
  |
7 | u0 &= g0
  | ^
stmt 7: u0 : mut UndirectedEdge
stmt 8: v2 : Set<UndirectedEdge>
typecheck: 2 error(s)
== facts
stmt 1: g0 : Set<Edge> + Set<UndirectedEdge> + Set<Graph>
stmt 2: m0 : mut Set<Edge> + Set<UndirectedEdge>
stmt 3: e0 : mut Edge
stmt 4: u0 : mut UndirectedEdge
stmt 5: s0 : mut Set<Int>
error[T010]: declared v1: Decimal, but found type Int
 --> FILE:6:1
  |
6 | let v1: Decimal = -2
  | ^
stmt 6: v1 : Decimal
error[T000]: '&=' on u0: found type Set<Edge> + Set<UndirectedEdge> + Set<Graph>, needed type UndirectedEdge
 --> FILE:7:1
  |
7 | u0 &= g0
  | ^
stmt 7: u0 : mut UndirectedEdge
stmt 8: v2 : Set<UndirectedEdge>
typecheck: 2 error(s)
