== report
stmt 1: g0 : Set<Edge> + Set<UndirectedEdge> + Set<Graph>
stmt 2: m0 : mut Set<Edge> + Set<UndirectedEdge>
stmt 3: e0 : mut Edge
stmt 4: u0 : mut UndirectedEdge
stmt 5: s0 : mut Set<Int>
stmt 6: struct S1 { f0: UndirectedEdge, f1: Int, f2: Edge }
stmt 7: v2 : Set<Fronce> + Set<Edge>
stmt 8: v3 : Set<Set<Fronce>>
stmt 9: v4 : Int
stmt 10: struct S5<P0> { f0: UndirectedEdge, f1: Fronce, f2: P0 }
stmt 11: error: declared v6: Fronce, but found type Decimal
stmt 11: v6 : Fronce
typecheck: 1 error(s)
== incidence
stmt 1: g0 : Set<Edge> + Set<UndirectedEdge> + Set<Graph>
stmt 2: m0 : mut Set<Edge> + Set<UndirectedEdge>
stmt 3: e0 : mut Edge
stmt 4: u0 : mut UndirectedEdge
stmt 5: s0 : mut Set<Int>
stmt 6: struct S1 { f0: UndirectedEdge, f1: Int, f2: Edge }
stmt 7: v2 : Set<Fronce> + Set<Edge>
stmt 8: v3 : Set<Set<Fronce>>
stmt 9: v4 : Int
stmt 10: struct S5<P0> { f0: UndirectedEdge, f1: Fronce, f2: P0 }
error[T010]: declared v6: Fronce, but found type Decimal
 --> FILE:11:1
   |
11 | let v6: Fronce = 1.5
   | ^
stmt 11: v6 : Fronce
typecheck: 1 error(s)
== facts
stmt 1: g0 : Set<Edge> + Set<UndirectedEdge> + Set<Graph>
stmt 2: m0 : mut Set<Edge> + Set<UndirectedEdge>
stmt 3: e0 : mut Edge
stmt 4: u0 : mut UndirectedEdge
stmt 5: s0 : mut Set<Int>
stmt 6: struct S1 { f0: UndirectedEdge, f1: Int, f2: Edge }
stmt 7: v2 : Set<Fronce> + Set<Edge>
stmt 8: v3 : Set<Set<Fronce>>
stmt 9: v4 : Int
stmt 10: struct S5<P0> { f0: UndirectedEdge, f1: Fronce, f2: P0 }
error[T010]: declared v6: Fronce, but found type Decimal
 --> FILE:11:1
   |
11 | let v6: Fronce = 1.5
   | ^
stmt 11: v6 : Fronce
typecheck: 1 error(s)
