== report
stmt 1: g0 : Set<Edge> + Set<UndirectedEdge> + Set<Graph>
stmt 2: m0 : mut Set<Edge> + Set<UndirectedEdge>
stmt 3: e0 : mut Edge
stmt 4: u0 : mut UndirectedEdge
stmt 5: s0 : mut Set<Int>
stmt 6: error: the RHS of '^=' mints a token with '#', which can never match an existing value — pin it (#N) or bind the value to a name first
stmt 6: error: mut Graph m0 cannot be a set element; snapshot it first: let m01: Graph = m0
stmt 6: error: tail of an edge must be a vertex set, but contains edges
stmt 6: error: '^=' on u0: found type Edge, needed type UndirectedEdge
stmt 6: u0 : mut UndirectedEdge
stmt 7: struct S1 { f0: Fronce }
stmt 8: error: declared v2: Int, but found type String
stmt 8: v2 : mut Int
typecheck: 5 error(s)
== incidence
stmt 1: g0 : Set<Edge> + Set<UndirectedEdge> + Set<Graph>
stmt 2: m0 : mut Set<Edge> + Set<UndirectedEdge>
stmt 3: e0 : mut Edge
stmt 4: u0 : mut UndirectedEdge
stmt 5: s0 : mut Set<Int>
error[T000]: the RHS of '^=' mints a token with '#', which can never match an existing value — pin it (#N) or bind the value to a name first
 --> FILE:6:1
  |
6 | u0 ^= {{#} -[1.5]-> {m0}} -> {#}
  | ^
error[T000]: mut Graph m0 cannot be a set element; snapshot it first: let m01: Graph = m0
 --> FILE:6:1
  |
6 | u0 ^= {{#} -[1.5]-> {m0}} -> {#}
  | ^
error[T000]: tail of an edge must be a vertex set, but contains edges
 --> FILE:6:1
  |
6 | u0 ^= {{#} -[1.5]-> {m0}} -> {#}
  | ^
error[T000]: '^=' on u0: found type Edge, needed type UndirectedEdge
 --> FILE:6:1
  |
6 | u0 ^= {{#} -[1.5]-> {m0}} -> {#}
  | ^
stmt 6: u0 : mut UndirectedEdge
stmt 7: struct S1 { f0: Fronce }
error[T010]: declared v2: Int, but found type String
 --> FILE:8:1
  |
8 | let v2: mut Int = "s"
  | ^
stmt 8: v2 : mut Int
typecheck: 5 error(s)
== facts
stmt 1: g0 : Set<Edge> + Set<UndirectedEdge> + Set<Graph>
stmt 2: m0 : mut Set<Edge> + Set<UndirectedEdge>
stmt 3: e0 : mut Edge
stmt 4: u0 : mut UndirectedEdge
stmt 5: s0 : mut Set<Int>
error[T000]: the RHS of '^=' mints a token with '#', which can never match an existing value — pin it (#N) or bind the value to a name first
 --> FILE:6:1
  |
6 | u0 ^= {{#} -[1.5]-> {m0}} -> {#}
  | ^
error[T000]: mut Graph m0 cannot be a set element; snapshot it first: let m01: Graph = m0
 --> FILE:6:1
  |
6 | u0 ^= {{#} -[1.5]-> {m0}} -> {#}
  | ^
error[T000]: tail of an edge must be a vertex set, but contains edges
 --> FILE:6:1
  |
6 | u0 ^= {{#} -[1.5]-> {m0}} -> {#}
  | ^
error[T000]: '^=' on u0: found type Edge, needed type UndirectedEdge
 --> FILE:6:1
  |
6 | u0 ^= {{#} -[1.5]-> {m0}} -> {#}
  | ^
stmt 6: u0 : mut UndirectedEdge
stmt 7: struct S1 { f0: Fronce }
error[T010]: declared v2: Int, but found type String
 --> FILE:8:1
  |
8 | let v2: mut Int = "s"
  | ^
stmt 8: v2 : mut Int
typecheck: 5 error(s)
