== report
parse error: 12:7: a string on the right of '^='; 'e0 ^= ...' extends a set or edits an edge, so the right side must be a set or an edge
== incidence
parse error: 12:7: a string on the right of '^='; 'e0 ^= ...' extends a set or edits an edge, so the right side must be a set or an edge
== facts
parse error: 12:7: a string on the right of '^='; 'e0 ^= ...' extends a set or edits an edge, so the right side must be a set or an edge
