== report
stmt 1: g0 : Set<Edge> + Set<UndirectedEdge> + Set<Graph>
stmt 2: m0 : mut Set<Edge> + Set<UndirectedEdge>
stmt 3: e0 : mut Edge
stmt 4: u0 : mut UndirectedEdge
stmt 5: s0 : mut Set<Int>
stmt 6: type S1 = UndirectedEdge
stmt 7: error: declared v2: String, but found type Set<>
stmt 7: v2 : String
stmt 8: error: the RHS of '/=' mints a token with '#', which can never match an existing value — pin it (#N) or bind the value to a name first
stmt 8: error: operand of '^' mints a token with '#', which can never match an existing value — pin it (#N) or bind the value to a name first
stmt 8: error: '/=' on m0: found type Edge<Decimal>, needed type Set<Edge> + Set<UndirectedEdge> — wrapping it as {...} would not help (op= is invariant); declare m0 with Set<Edge<Decimal>> among its components, or drop the payload
stmt 8: m0 : mut Set<Edge> + Set<UndirectedEdge>
stmt 9: error: head of an edge must be a vertex set, but contains edges
stmt 9: v3 : Set<Edge>
stmt 10: error: type parameter 'P0' of struct S4 is never used by a field
typecheck: 6 error(s)
== incidence
stmt 1: g0 : Set<Edge> + Set<UndirectedEdge> + Set<Graph>
stmt 2: m0 : mut Set<Edge> + Set<UndirectedEdge>
stmt 3: e0 : mut Edge
stmt 4: u0 : mut UndirectedEdge
stmt 5: s0 : mut Set<Int>
stmt 6: type S1 = UndirectedEdge
error[T010]: declared v2: String, but found type Set<>
 --> FILE:7:1
  |
7 | let v2: String = {{}} ^ {g0}
  | ^
stmt 7: v2 : String
error[T000]: the RHS of '/=' mints a token with '#', which can never match an existing value — pin it (#N) or bind the value to a name first
 --> FILE:8:1
  |
8 | m0 /= {s0} -[1.5]-> {{-2} ^ {#} ^ {"s"}}
  | ^
error[T000]: operand of '^' mints a token with '#', which can never match an existing value — pin it (#N) or bind the value to a name first
 --> FILE:8:1
  |
8 | m0 /= {s0} -[1.5]-> {{-2} ^ {#} ^ {"s"}}
  | ^
error[T021]: '/=' on m0: found type Edge<Decimal>, needed type Set<Edge> + Set<UndirectedEdge> — wrapping it as {...} would not help (op= is invariant); declare m0 with Set<Edge<Decimal>> among its components, or drop the payload
 --> FILE:8:1
  |
8 | m0 /= {s0} -[1.5]-> {{-2} ^ {#} ^ {"s"}}
  | ^
stmt 8: m0 : mut Set<Edge> + Set<UndirectedEdge>
error[T000]: head of an edge must be a vertex set, but contains edges
 --> FILE:9:1
  |
9 | let v3 = {{{7} -> {e0}}}
  | ^
stmt 9: v3 : Set<Edge>
error[T030]: type parameter 'P0' of struct S4 is never used by a field
 --> FILE:10:1
   |
10 | struct S4<P0> {  }
   | ^
typecheck: 6 error(s)
== facts
stmt 1: g0 : Set<Edge> + Set<UndirectedEdge> + Set<Graph>
stmt 2: m0 : mut Set<Edge> + Set<UndirectedEdge>
stmt 3: e0 : mut Edge
stmt 4: u0 : mut UndirectedEdge
stmt 5: s0 : mut Set<Int>
stmt 6: type S1 = UndirectedEdge
error[T010]: declared v2: String, but found type Set<>
 --> FILE:7:1
  |
7 | let v2: String = {{}} ^ {g0}
  | ^
stmt 7: v2 : String
error[T000]: the RHS of '/=' mints a token with '#', which can never match an existing value — pin it (#N) or bind the value to a name first
 --> FILE:8:1
  |
8 | m0 /= {s0} -[1.5]-> {{-2} ^ {#} ^ {"s"}}
  | ^
error[T000]: operand of '^' mints a token with '#', which can never match an existing value — pin it (#N) or bind the value to a name first
 --> FILE:8:1
  |
8 | m0 /= {s0} -[1.5]-> {{-2} ^ {#} ^ {"s"}}
  | ^
error[T021]: '/=' on m0: found type Edge<Decimal>, needed type Set<Edge> + Set<UndirectedEdge> — wrapping it as {...} would not help (op= is invariant); declare m0 with Set<Edge<Decimal>> among its components, or drop the payload
 --> FILE:8:1
  |
8 | m0 /= {s0} -[1.5]-> {{-2} ^ {#} ^ {"s"}}
  | ^
stmt 8: m0 : mut Set<Edge> + Set<UndirectedEdge>
error[T000]: head of an edge must be a vertex set, but contains edges
 --> FILE:9:1
  |
9 | let v3 = {{{7} -> {e0}}}
  | ^
stmt 9: v3 : Set<Edge>
error[T030]: type parameter 'P0' of struct S4 is never used by a field
 --> FILE:10:1
   |
10 | struct S4<P0> {  }
   | ^
typecheck: 6 error(s)
