== report
stmt 1: g0 : Set<Edge> + Set<UndirectedEdge> + Set<Graph>
stmt 2: m0 : mut Set<Edge> + Set<UndirectedEdge>
stmt 3: e0 : mut Edge
stmt 4: u0 : mut UndirectedEdge
stmt 5: s0 : mut Set<Int>
stmt 6: error: the RHS of '/=' mints a token with '#', which can never match an existing value — pin it (#N) or bind the value to a name first
stmt 6: error: '/=' on e0: found type UndirectedEdge, needed type Edge
stmt 6: e0 : mut Edge
stmt 7: v1 : Fronce
stmt 8: struct S2<P0> { f0: P0, f1: Decimal, f2: P0 }
stmt 9: error: head of an edge must be a vertex set, but contains edges
stmt 9: v3 : Edge
stmt 10: error: mut Graph m0 cannot be a set element; snapshot it first: let m01: Graph = m0
stmt 10: error: an anonymous graph value cannot be a set element; bind it to a name with let first
stmt 10: error: tail of an edge must be a vertex set, but contains edges
stmt 10: v4 : Set<Edge>
typecheck: 6 error(s)
== incidence
stmt 1: g0 : Set<Edge> + Set<UndirectedEdge> + Set<Graph>
stmt 2: m0 : mut Set<Edge> + Set<UndirectedEdge>
stmt 3: e0 : mut Edge
stmt 4: u0 : mut UndirectedEdge
stmt 5: s0 : mut Set<Int>
error[T000]: the RHS of '/=' mints a token with '#', which can never match an existing value — pin it (#N) or bind the value to a name first
 --> FILE:6:1
  |
6 | e0 /= {{-2, #}} <-> {{-2, e0}}
  | ^
error[T000]: '/=' on e0: found type UndirectedEdge, needed type Edge
 --> FILE:6:1
  |
6 | e0 /= {{-2, #}} <-> {{-2, e0}}
  | ^
stmt 6: e0 : mut Edge
stmt 7: v1 : Fronce
stmt 8: struct S2<P0> { f0: P0, f1: Decimal, f2: P0 }
error[T000]: head of an edge must be a vertex set, but contains edges
 --> FILE:9:1
  |
9 | let v3: Edge = {{"s", g0}} -> {{1.5} -[7]-> {7}}
  | ^
stmt 9: v3 : Edge
error[T000]: mut Graph m0 cannot be a set element; snapshot it first: let m01: Graph = m0
 --> FILE:10:1
   |
10 | let v4 = {{u0} -> {{m0}}}
   | ^
error[T000]: an anonymous graph value cannot be a set element; bind it to a name with let first
 --> FILE:10:1
   |
10 | let v4 = {{u0} -> {{m0}}}
   | ^
error[T000]: tail of an edge must be a vertex set, but contains edges
 --> FILE:10:1
   |
10 | let v4 = {{u0} -> {{m0}}}
   | ^
stmt 10: v4 : Set<Edge>
typecheck: 6 error(s)
== facts
stmt 1: g0 : Set<Edge> + Set<UndirectedEdge> + Set<Graph>
stmt 2: m0 : mut Set<Edge> + Set<UndirectedEdge>
stmt 3: e0 : mut Edge
stmt 4: u0 : mut UndirectedEdge
stmt 5: s0 : mut Set<Int>
error[T000]: the RHS of '/=' mints a token with '#', which can never match an existing value — pin it (#N) or bind the value to a name first
 --> FILE:6:1
  |
6 | e0 /= {{-2, #}} <-> {{-2, e0}}
  | ^
error[T000]: '/=' on e0: found type UndirectedEdge, needed type Edge
 --> FILE:6:1
  |
6 | e0 /= {{-2, #}} <-> {{-2, e0}}
  | ^
stmt 6: e0 : mut Edge
stmt 7: v1 : Fronce
stmt 8: struct S2<P0> { f0: P0, f1: Decimal, f2: P0 }
error[T000]: head of an edge must be a vertex set, but contains edges
 --> FILE:9:1
  |
9 | let v3: Edge = {{"s", g0}} -> {{1.5} -[7]-> {7}}
  | ^
stmt 9: v3 : Edge
error[T000]: mut Graph m0 cannot be a set element; snapshot it first: let m01: Graph = m0
 --> FILE:10:1
   |
10 | let v4 = {{u0} -> {{m0}}}
   | ^
error[T000]: an anonymous graph value cannot be a set element; bind it to a name with let first
 --> FILE:10:1
   |
10 | let v4 = {{u0} -> {{m0}}}
   | ^
error[T000]: tail of an edge must be a vertex set, but contains edges
 --> FILE:10:1
   |
10 | let v4 = {{u0} -> {{m0}}}
   | ^
stmt 10: v4 : Set<Edge>
typecheck: 6 error(s)
