== report
stmt 1: g0 : Set<Edge> + Set<UndirectedEdge> + Set<Graph>
stmt 2: m0 : mut Set<Edge> + Set<UndirectedEdge>
stmt 3: e0 : mut Edge
stmt 4: u0 : mut UndirectedEdge
stmt 5: s0 : mut Set<Int>
stmt 6: struct S1 { f0: Int, f1: Set<Edge> + Set<UndirectedEdge> + Set<Graph> }
stmt 7: error: head of an edge must be a vertex set, but contains edges
stmt 7: error: tail of an edge must be a vertex set, but contains edges
stmt 7: v2 : Edge<Decimal>
stmt 8: error: declared v3: struct S1, but found type Set<>
stmt 8: v3 : struct S1
typecheck: 3 error(s)
== incidence
stmt 1: g0 : Set<Edge> + Set<UndirectedEdge> + Set<Graph>
stmt 2: m0 : mut Set<Edge> + Set<UndirectedEdge>
stmt 3: e0 : mut Edge
stmt 4: u0 : mut UndirectedEdge
stmt 5: s0 : mut Set<Int>
stmt 6: struct S1 { f0: Int, f1: Set<Edge> + Set<UndirectedEdge> + Set<Graph> }
error[T000]: head of an edge must be a vertex set, but contains edges
 --> FILE:7:1
  |
7 | let v2 = {{1.5} -[7]-> {e0}} -[1.5]-> {-2}
  | ^
error[T000]: tail of an edge must be a vertex set, but contains edges
 --> FILE:7:1
  |
7 | let v2 = {{1.5} -[7]-> {e0}} -[1.5]-> {-2}
  | ^
stmt 7: v2 : Edge<Decimal>
error[T010]: declared v3: struct S1, but found type Set<>
 --> FILE:8:1
  |
8 | let v3: S1 = {}
  | ^
stmt 8: v3 : struct S1
typecheck: 3 error(s)
== facts
stmt 1: g0 : Set<Edge> + Set<UndirectedEdge> + Set<Graph>
stmt 2: m0 : mut Set<Edge> + Set<UndirectedEdge>
stmt 3: e0 : mut Edge
stmt 4: u0 : mut UndirectedEdge
stmt 5: s0 : mut Set<Int>
stmt 6: struct S1 { f0: Int, f1: Set<Edge> + Set<UndirectedEdge> + Set<Graph> }
error[T000]: head of an edge must be a vertex set, but contains edges
 --> FILE:7:1
  |
7 | let v2 = {{1.5} -[7]-> {e0}} -[1.5]-> {-2}
  | ^
error[T000]: tail of an edge must be a vertex set, but contains edges
 --> FILE:7:1
  |
7 | let v2 = {{1.5} -[7]-> {e0}} -[1.5]-> {-2}
  | ^
stmt 7: v2 : Edge<Decimal>
error[T010]: declared v3: struct S1, but found type Set<>
 --> FILE:8:1
  |
8 | let v3: S1 = {}
  | ^
stmt 8: v3 : struct S1
typecheck: 3 error(s)
