== report
stmt 1: struct City { name: String, pop: Int }
stmt 2: g1 : Set<Edge> + Set<UndirectedEdge>
stmt 3: m2 : mut Set<Edge> + Set<UndirectedEdge>
stmt 4: m3 : mut Set<Edge> + Set<UndirectedEdge>
stmt 5: t4 : Set<>
stmt 6: t5 : Set<>
typecheck: OK
== incidence
graph g1: 4 vertices x 3 columns (groups: #0[2], #1[1])
                #0.fwd  #0.bwd  #1
  City("x", 2)       2       2   .
           "b"      -1      +1   .
           1.5      +1      -1   .
             1       .       .   2

graph m2: 3 vertices x 1 columns (groups: #0[1])
            #0
        g1  -1
  "日本橋"  -1
         1  +1

== facts
// hypergraph facts — base relations (see hypergraph-ml/lib/facts.ml)
.type id <: symbol
.decl graph(g: id)                      // a drawn graph variable
.decl graph_name(g: id, name: symbol)   // its source name, tag stripped
.decl graph_tag(g: id, tag: symbol)     // --tag of the emitting program ("" if none)
.decl vertex(g: id, v: id)              // v is a row of g
.decl edge(g: id, e: id)                // e is a column of g
.decl group(g: id, grp: symbol, e: id)  // atlas grouping, by group label
.decl tail(e: id, v: id)                // incidence -1 (2 emits both)
.decl head(e: id, v: id)                // incidence +1 (2 emits both)
.decl payload(e: id, p: id)             // the edge's '-[p]->' annotation
.decl show(x: id, text: symbol)         // display form — provenance, not a parsing surface
.decl val_int(x: id, n: number)
.decl val_str(x: id, s: symbol)
.decl val_dec(x: id, d: float)
.decl val_fronce(x: id, t: symbol)      // "%aN" minted / "%uN" pinned
.decl val_set(x: id)
.decl val_elem(x: id, m: id)            // set membership
.decl val_graph(x: id, g: id)           // a named graph used as a value
.decl val_edge(x: id, t: id, h: id)     // an edge used as a value (sides are sets)
.decl val_uedge(x: id, a: id, b: id)
.decl val_ann(x: id, p: id)             // payload of an edge-valued value
.decl val_struct(x: id, name: symbol)   // fallback for structs without a usable .decl
.decl val_arg(x: id, i: number, m: id)
.decl City(x: id, name: symbol, pop: number)
show("%v0", "City(\"x\", 2)").
City("%v0", "x", 2).
show("%v1", "\"b\"").
val_str("%v1", "b").
show("%v2", "1.5").
val_dec("%v2", 1.5).
show("%v3", "1").
val_int("%v3", 1).
show("%v4", "g1").
val_graph("%v4", "g1").
show("%v5", "\"日本橋\"").
val_str("%v5", "日本橋").
graph("g1").
graph_name("g1", "g1").
graph_tag("g1", "").
show("g1", "g1").
vertex("g1", "%v0").
vertex("g1", "%v1").
vertex("g1", "%v2").
vertex("g1", "%v3").
edge("g1", "%e0").
group("g1", "#0", "%e0").
show("%e0", "#0.fwd").
tail("%e0", "%v0").
tail("%e0", "%v1").
head("%e0", "%v2").
head("%e0", "%v0").
edge("g1", "%e1").
group("g1", "#0", "%e1").
show("%e1", "#0.bwd").
tail("%e1", "%v2").
tail("%e1", "%v0").
head("%e1", "%v0").
head("%e1", "%v1").
edge("g1", "%e2").
group("g1", "#1", "%e2").
show("%e2", "#1").
tail("%e2", "%v3").
head("%e2", "%v3").
graph("m2").
graph_name("m2", "m2").
graph_tag("m2", "").
show("m2", "m2").
vertex("m2", "%v4").
vertex("m2", "%v5").
vertex("m2", "%v3").
edge("m2", "%e3").
group("m2", "#0", "%e3").
show("%e3", "#0").
tail("%e3", "%v4").
tail("%e3", "%v5").
head("%e3", "%v3").
