== report
stmt 1: struct City { name: String, pop: Int }
stmt 2: g1 : Set<>
stmt 3: u2 : mut Set<Edge>
stmt 4: z3 : Set<Edge>
typecheck: OK
== incidence
graph u2: 3 vertices x 2 columns (groups: #0[1], #1[1])
            #0  #1
        {}  -1  +1
  "日本橋"  -1  +1
  "Zürich"  +1  -1

graph z3: 3 vertices x 2 columns (groups: #0[1], #1[1])
            #0  #1
        {}  -1  +1
  "日本橋"  -1  +1
  "Zürich"  +1  -1

== facts
// hypergraph facts — base relations (see hypergraph-ml/lib/facts.ml)
.type id <: symbol
.decl graph(g: id)                      // a drawn graph variable
.decl graph_name(g: id, name: symbol)   // its source name, tag stripped
.decl graph_tag(g: id, tag: symbol)     // --tag of the emitting program ("" if none)
.decl vertex(g: id, v: id)              // v is a row of g
.decl edge(g: id, e: id)                // e is a column of g
.decl group(g: id, grp: symbol, e: id)  // atlas grouping, by group label
.decl tail(e: id, v: id)                // incidence -1 (2 emits both)
.decl head(e: id, v: id)                // incidence +1 (2 emits both)
.decl payload(e: id, p: id)             // the edge's '-[p]->' annotation
.decl show(x: id, text: symbol)         // display form — provenance, not a parsing surface
.decl val_int(x: id, n: number)
.decl val_str(x: id, s: symbol)
.decl val_dec(x: id, d: float)
.decl val_fronce(x: id, t: symbol)      // "%aN" minted / "%uN" pinned
.decl val_set(x: id)
.decl val_elem(x: id, m: id)            // set membership
.decl val_graph(x: id, g: id)           // a named graph used as a value
.decl val_edge(x: id, t: id, h: id)     // an edge used as a value (sides are sets)
.decl val_uedge(x: id, a: id, b: id)
.decl val_ann(x: id, p: id)             // payload of an edge-valued value
.decl val_struct(x: id, name: symbol)   // fallback for structs without a usable .decl
.decl val_arg(x: id, i: number, m: id)
.decl City(x: id, name: symbol, pop: number)
show("%v0", "{}").
val_set("%v0").
show("%v1", "\"日本橋\"").
val_str("%v1", "日本橋").
show("%v2", "\"Zürich\"").
val_str("%v2", "Zürich").
graph("u2").
graph_name("u2", "u2").
graph_tag("u2", "").
show("u2", "u2").
vertex("u2", "%v0").
vertex("u2", "%v1").
vertex("u2", "%v2").
edge("u2", "%e0").
group("u2", "#0", "%e0").
show("%e0", "#0").
tail("%e0", "%v0").
tail("%e0", "%v1").
head("%e0", "%v2").
edge("u2", "%e1").
group("u2", "#1", "%e1").
show("%e1", "#1").
tail("%e1", "%v2").
head("%e1", "%v0").
head("%e1", "%v1").
graph("z3").
graph_name("z3", "z3").
graph_tag("z3", "").
show("z3", "z3").
vertex("z3", "%v0").
vertex("z3", "%v1").
vertex("z3", "%v2").
edge("z3", "%e2").
group("z3", "#0", "%e2").
show("%e2", "#0").
tail("%e2", "%v0").
tail("%e2", "%v1").
head("%e2", "%v2").
edge("z3", "%e3").
group("z3", "#1", "%e3").
show("%e3", "#1").
tail("%e3", "%v2").
head("%e3", "%v0").
head("%e3", "%v1").
