== report
stmt 1: struct City { name: String, pop: Int }
stmt 2: empty : Set<>
stmt 3: empty2 : Set<>
stmt 4: g1 : Set<Edge<String>> + Set<UndirectedEdge>
stmt 5: g2 : Set<Edge> + Set<UndirectedEdge>
stmt 6: m3 : mut Set<Edge> + Set<UndirectedEdge>
stmt 7: g4 : Set<UndirectedEdge<Fronce>>
stmt 8: m3 : mut Set<Edge> + Set<UndirectedEdge>
typecheck: OK
== incidence
graph g1: 3 vertices x 3 columns (groups: #0[1], #1[2])
            #0["p"]  #1.fwd  #1.bwd
  "日本橋"       -1       .       .
        {}       +1      +1      -1
         2        .      -1      +1

graph g2: 7 vertices x 4 columns (groups: #0[2], #1[1], #2[1])
            #0.fwd  #0.bwd  #1  #2
  "Zürich"      -1      +1   .   .
  "日本橋"      +1      -1   .   .
       2.0       .       .  -1   .
       0.0       .       .  -1   .
         1       .       .  +1   .
         2       .       .   .  -1
       "b"       .       .   .  +1

graph g4: 3 vertices x 2 columns (groups: #0[2])
                #0[%u2].fwd  #0[%u2].bwd
           "a"           -1           +1
             1           -1           +1
  City("y", 9)           +1           -1

== facts
// hypergraph facts — base relations (see hypergraph-ml/lib/facts.ml)
.type id <: symbol
.decl graph(g: id)                      // a drawn graph variable
.decl graph_name(g: id, name: symbol)   // its source name, tag stripped
.decl graph_tag(g: id, tag: symbol)     // --tag of the emitting program ("" if none)
.decl vertex(g: id, v: id)              // v is a row of g
.decl edge(g: id, e: id)                // e is a column of g
.decl group(g: id, grp: symbol, e: id)  // atlas grouping, by group label
.decl tail(e: id, v: id)                // incidence -1 (2 emits both)
.decl head(e: id, v: id)                // incidence +1 (2 emits both)
.decl payload(e: id, p: id)             // the edge's '-[p]->' annotation
.decl show(x: id, text: symbol)         // display form — provenance, not a parsing surface
.decl val_int(x: id, n: number)
.decl val_str(x: id, s: symbol)
.decl val_dec(x: id, d: float)
.decl val_fronce(x: id, t: symbol)      // "%aN" minted / "%uN" pinned
.decl val_set(x: id)
.decl val_elem(x: id, m: id)            // set membership
.decl val_graph(x: id, g: id)           // a named graph used as a value
.decl val_edge(x: id, t: id, h: id)     // an edge used as a value (sides are sets)
.decl val_uedge(x: id, a: id, b: id)
.decl val_ann(x: id, p: id)             // payload of an edge-valued value
.decl val_struct(x: id, name: symbol)   // fallback for structs without a usable .decl
.decl val_arg(x: id, i: number, m: id)
.decl City(x: id, name: symbol, pop: number)
show("%v0", "\"日本橋\"").
val_str("%v0", "日本橋").
show("%v1", "{}").
val_set("%v1").
show("%v2", "2").
val_int("%v2", 2).
show("%v3", "\"p\"").
val_str("%v3", "p").
show("%v4", "\"Zürich\"").
val_str("%v4", "Zürich").
show("%v5", "2.0").
val_dec("%v5", 2.0).
show("%v6", "0.0").
val_dec("%v6", 0.0).
show("%v7", "1").
val_int("%v7", 1).
show("%v8", "\"b\"").
val_str("%v8", "b").
show("%v9", "\"a\"").
val_str("%v9", "a").
show("%v10", "City(\"y\", 9)").
City("%v10", "y", 9).
show("%v11", "%u2").
val_fronce("%v11", "%u2").
graph("g1").
graph_name("g1", "g1").
graph_tag("g1", "").
show("g1", "g1").
vertex("g1", "%v0").
vertex("g1", "%v1").
vertex("g1", "%v2").
edge("g1", "%e0").
group("g1", "#0", "%e0").
show("%e0", "#0[\"p\"]").
tail("%e0", "%v0").
head("%e0", "%v1").
payload("%e0", "%v3").
edge("g1", "%e1").
group("g1", "#1", "%e1").
show("%e1", "#1.fwd").
tail("%e1", "%v2").
head("%e1", "%v1").
edge("g1", "%e2").
group("g1", "#1", "%e2").
show("%e2", "#1.bwd").
tail("%e2", "%v1").
head("%e2", "%v2").
graph("g2").
graph_name("g2", "g2").
graph_tag("g2", "").
show("g2", "g2").
vertex("g2", "%v4").
vertex("g2", "%v0").
vertex("g2", "%v5").
vertex("g2", "%v6").
vertex("g2", "%v7").
vertex("g2", "%v2").
vertex("g2", "%v8").
edge("g2", "%e3").
group("g2", "#0", "%e3").
show("%e3", "#0.fwd").
tail("%e3", "%v4").
head("%e3", "%v0").
edge("g2", "%e4").
group("g2", "#0", "%e4").
show("%e4", "#0.bwd").
tail("%e4", "%v0").
head("%e4", "%v4").
edge("g2", "%e5").
group("g2", "#1", "%e5").
show("%e5", "#1").
tail("%e5", "%v5").
tail("%e5", "%v6").
head("%e5", "%v7").
edge("g2", "%e6").
group("g2", "#2", "%e6").
show("%e6", "#2").
tail("%e6", "%v2").
head("%e6", "%v8").
graph("g4").
graph_name("g4", "g4").
graph_tag("g4", "").
show("g4", "g4").
vertex("g4", "%v9").
vertex("g4", "%v7").
vertex("g4", "%v10").
edge("g4", "%e7").
group("g4", "#0", "%e7").
show("%e7", "#0[%u2].fwd").
tail("%e7", "%v9").
tail("%e7", "%v7").
head("%e7", "%v10").
payload("%e7", "%v11").
edge("g4", "%e8").
group("g4", "#0", "%e8").
show("%e8", "#0[%u2].bwd").
tail("%e8", "%v10").
head("%e8", "%v9").
head("%e8", "%v7").
payload("%e8", "%v11").
