== report
stmt 1: struct City { name: String, pop: Int }
stmt 2: empty : Set<>
stmt 3: empty2 : Set<>
stmt 4: m1 : mut Set<Edge> + Set<UndirectedEdge>
stmt 5: g2 : Set<Edge> + Set<UndirectedEdge>
stmt 6: m1 : mut Set<Edge> + Set<UndirectedEdge>
typecheck: OK
== incidence
graph g2: 5 vertices x 3 columns (groups: #0[1], #1[2])
            #0  #1.fwd  #1.bwd
       1.5  -1       .       .
       "b"  -1       .       .
  "日本橋"  +1       .       .
  "Zürich"   .      -1      +1
       "a"   .      +1      -1

== facts
// hypergraph facts — base relations (see hypergraph-ml/lib/facts.ml)
.type id <: symbol
.decl graph(g: id)                      // a drawn graph variable
.decl graph_name(g: id, name: symbol)   // its source name, tag stripped
.decl graph_tag(g: id, tag: symbol)     // --tag of the emitting program ("" if none)
.decl vertex(g: id, v: id)              // v is a row of g
.decl edge(g: id, e: id)                // e is a column of g
.decl group(g: id, grp: symbol, e: id)  // atlas grouping, by group label
.decl tail(e: id, v: id)                // incidence -1 (2 emits both)
.decl head(e: id, v: id)                // incidence +1 (2 emits both)
.decl payload(e: id, p: id)             // the edge's '-[p]->' annotation
.decl show(x: id, text: symbol)         // display form — provenance, not a parsing surface
.decl val_int(x: id, n: number)
.decl val_str(x: id, s: symbol)
.decl val_dec(x: id, d: float)
.decl val_fronce(x: id, t: symbol)      // "%aN" minted / "%uN" pinned
.decl val_set(x: id)
.decl val_elem(x: id, m: id)            // set membership
.decl val_graph(x: id, g: id)           // a named graph used as a value
.decl val_edge(x: id, t: id, h: id)     // an edge used as a value (sides are sets)
.decl val_uedge(x: id, a: id, b: id)
.decl val_ann(x: id, p: id)             // payload of an edge-valued value
.decl val_struct(x: id, name: symbol)   // fallback for structs without a usable .decl
.decl val_arg(x: id, i: number, m: id)
.decl City(x: id, name: symbol, pop: number)
show("%v0", "1.5").
val_dec("%v0", 1.5).
show("%v1", "\"b\"").
val_str("%v1", "b").
show("%v2", "\"日本橋\"").
val_str("%v2", "日本橋").
show("%v3", "\"Zürich\"").
val_str("%v3", "Zürich").
show("%v4", "\"a\"").
val_str("%v4", "a").
graph("g2").
graph_name("g2", "g2").
graph_tag("g2", "").
show("g2", "g2").
vertex("g2", "%v0").
vertex("g2", "%v1").
vertex("g2", "%v2").
vertex("g2", "%v3").
vertex("g2", "%v4").
edge("g2", "%e0").
group("g2", "#0", "%e0").
show("%e0", "#0").
tail("%e0", "%v0").
tail("%e0", "%v1").
head("%e0", "%v2").
edge("g2", "%e1").
group("g2", "#1", "%e1").
show("%e1", "#1.fwd").
tail("%e1", "%v3").
head("%e1", "%v4").
edge("g2", "%e2").
group("g2", "#1", "%e2").
show("%e2", "#1.bwd").
tail("%e2", "%v4").
head("%e2", "%v3").
