== report
stmt 1: struct City { name: String, pop: Int }
stmt 2: empty : Set<>
stmt 3: empty2 : Set<>
stmt 4: g1 : Set<UndirectedEdge<Fronce>>
stmt 5: m2 : mut Set<Edge> + Set<UndirectedEdge>
stmt 6: g3 : Set<Edge> + Set<UndirectedEdge>
typecheck: OK
== incidence
graph g1: 3 vertices x 2 columns (groups: #0[2])
                   #0[%a0].fwd  #0[%a0].bwd
                3           -1           +1
  City("日本", 3)           -1           +1
  City("日本", 9)           +1           -1

graph m2: 5 vertices x 3 columns (groups: #0[1], #1[1], #2[1])
       #0  #1  #2
  "b"  -1  -1   .
  "a"  -1   .   .
  2.0  +1   .  +1
    3   .  +1   .
  1.5   .   .  -1

graph g3: 5 vertices x 3 columns (groups: #0[2], #1[1])
       #0.fwd  #0.bwd  #1
  0.0       2       2   .
    1      +1      -1   .
  "b"       .       .  -1
  1.5       .       .  +1
    3       .       .  +1

== facts
// hypergraph facts — base relations (see hypergraph-ml/lib/facts.ml)
.type id <: symbol
.decl graph(g: id)                      // a drawn graph variable
.decl graph_name(g: id, name: symbol)   // its source name, tag stripped
.decl graph_tag(g: id, tag: symbol)     // --tag of the emitting program ("" if none)
.decl vertex(g: id, v: id)              // v is a row of g
.decl edge(g: id, e: id)                // e is a column of g
.decl group(g: id, grp: symbol, e: id)  // atlas grouping, by group label
.decl tail(e: id, v: id)                // incidence -1 (2 emits both)
.decl head(e: id, v: id)                // incidence +1 (2 emits both)
.decl payload(e: id, p: id)             // the edge's '-[p]->' annotation
.decl show(x: id, text: symbol)         // display form — provenance, not a parsing surface
.decl val_int(x: id, n: number)
.decl val_str(x: id, s: symbol)
.decl val_dec(x: id, d: float)
.decl val_fronce(x: id, t: symbol)      // "%aN" minted / "%uN" pinned
.decl val_set(x: id)
.decl val_elem(x: id, m: id)            // set membership
.decl val_graph(x: id, g: id)           // a named graph used as a value
.decl val_edge(x: id, t: id, h: id)     // an edge used as a value (sides are sets)
.decl val_uedge(x: id, a: id, b: id)
.decl val_ann(x: id, p: id)             // payload of an edge-valued value
.decl val_struct(x: id, name: symbol)   // fallback for structs without a usable .decl
.decl val_arg(x: id, i: number, m: id)
.decl City(x: id, name: symbol, pop: number)
show("%v0", "3").
val_int("%v0", 3).
show("%v1", "City(\"日本\", 3)").
City("%v1", "日本", 3).
show("%v2", "City(\"日本\", 9)").
City("%v2", "日本", 9).
show("%v3", "%a0").
val_fronce("%v3", "%a0").
show("%v4", "\"b\"").
val_str("%v4", "b").
show("%v5", "\"a\"").
val_str("%v5", "a").
show("%v6", "2.0").
val_dec("%v6", 2.0).
show("%v7", "1.5").
val_dec("%v7", 1.5).
show("%v8", "0.0").
val_dec("%v8", 0.0).
show("%v9", "1").
val_int("%v9", 1).
graph("g1").
graph_name("g1", "g1").
graph_tag("g1", "").
show("g1", "g1").
vertex("g1", "%v0").
vertex("g1", "%v1").
vertex("g1", "%v2").
edge("g1", "%e0").
group("g1", "#0", "%e0").
show("%e0", "#0[%a0].fwd").
tail("%e0", "%v0").
tail("%e0", "%v1").
head("%e0", "%v2").
payload("%e0", "%v3").
edge("g1", "%e1").
group("g1", "#0", "%e1").
show("%e1", "#0[%a0].bwd").
tail("%e1", "%v2").
head("%e1", "%v0").
head("%e1", "%v1").
payload("%e1", "%v3").
graph("m2").
graph_name("m2", "m2").
graph_tag("m2", "").
show("m2", "m2").
vertex("m2", "%v4").
vertex("m2", "%v5").
vertex("m2", "%v6").
vertex("m2", "%v0").
vertex("m2", "%v7").
edge("m2", "%e2").
group("m2", "#0", "%e2").
show("%e2", "#0").
tail("%e2", "%v4").
tail("%e2", "%v5").
head("%e2", "%v6").
edge("m2", "%e3").
group("m2", "#1", "%e3").
show("%e3", "#1").
tail("%e3", "%v4").
head("%e3", "%v0").
edge("m2", "%e4").
group("m2", "#2", "%e4").
show("%e4", "#2").
tail("%e4", "%v7").
head("%e4", "%v6").
graph("g3").
graph_name("g3", "g3").
graph_tag("g3", "").
show("g3", "g3").
vertex("g3", "%v8").
vertex("g3", "%v9").
vertex("g3", "%v4").
vertex("g3", "%v7").
vertex("g3", "%v0").
edge("g3", "%e5").
group("g3", "#0", "%e5").
show("%e5", "#0.fwd").
tail("%e5", "%v8").
head("%e5", "%v9").
head("%e5", "%v8").
edge("g3", "%e6").
group("g3", "#0", "%e6").
show("%e6", "#0.bwd").
tail("%e6", "%v9").
tail("%e6", "%v8").
head("%e6", "%v8").
edge("g3", "%e7").
group("g3", "#1", "%e7").
show("%e7", "#1").
tail("%e7", "%v4").
head("%e7", "%v7").
head("%e7", "%v0").
