== report
stmt 1: struct City { name: String, pop: Int }
stmt 2: g1 : Set<Edge> + Set<UndirectedEdge<Fronce>>
stmt 3: g2 : Set<UndirectedEdge>
stmt 4: m3 : mut Set<Edge> + Set<UndirectedEdge>
stmt 5: g4 : Set<>
stmt 6: g5 : Set<Edge> + Set<Edge<Fronce>> + Set<UndirectedEdge<Fronce>>
stmt 7: v6 : Set<Edge> + Set<UndirectedEdge<Fronce>>
typecheck: OK
== incidence
graph g1: 6 vertices x 4 columns (groups: #0[1], #1[2], #2[1])
                #0  #1[%u5].fwd  #1[%u5].bwd  #2
           1.5  -1            .            .   .
  City("x", 9)  -1            .            .   .
           "b"  +1            .            .   .
      "Zürich"   .            2            2   .
           "a"   .            2            2   2
           2.0   .            .            .   2

graph g2: 4 vertices x 2 columns (groups: #0[2])
       #0.fwd  #0.bwd
   g1      -1      +1
  0.0      -1      +1
  "b"      +1      -1
  1.5      +1      -1

graph m3: 2 vertices x 1 columns (groups: #0[1])
       #0
  1.5  -1
    1  +1

graph g5: 7 vertices x 4 columns (groups: #0[2], #1[1], #2[1])
                   #0[%u14].fwd  #0[%u14].bwd  #1[%a0]  #2
                2             2             2        .   .
  City("日本", 3)             .             .       -1   .
  City("日本", 4)             .             .       +1   .
              2.0             .             .        .  -1
                3             .             .        .  -1
              "b"             .             .        .  +1
         "日本橋"             .             .        .  +1

graph v6: 6 vertices x 4 columns (groups: #0[1], #1[2], #2[1])
                #0  #1[%u5].fwd  #1[%u5].bwd  #2
           1.5  -1            .            .   .
  City("x", 9)  -1            .            .   .
           "b"  +1            .            .   .
      "Zürich"   .            2            2   .
           "a"   .            2            2   2
           2.0   .            .            .   2

== facts
// hypergraph facts — base relations (see hypergraph-ml/lib/facts.ml)
.type id <: symbol
.decl graph(g: id)                      // a drawn graph variable
.decl graph_name(g: id, name: symbol)   // its source name, tag stripped
.decl graph_tag(g: id, tag: symbol)     // --tag of the emitting program ("" if none)
.decl vertex(g: id, v: id)              // v is a row of g
.decl edge(g: id, e: id)                // e is a column of g
.decl group(g: id, grp: symbol, e: id)  // atlas grouping, by group label
.decl tail(e: id, v: id)                // incidence -1 (2 emits both)
.decl head(e: id, v: id)                // incidence +1 (2 emits both)
.decl payload(e: id, p: id)             // the edge's '-[p]->' annotation
.decl show(x: id, text: symbol)         // display form — provenance, not a parsing surface
.decl val_int(x: id, n: number)
.decl val_str(x: id, s: symbol)
.decl val_dec(x: id, d: float)
.decl val_fronce(x: id, t: symbol)      // "%aN" minted / "%uN" pinned
.decl val_set(x: id)
.decl val_elem(x: id, m: id)            // set membership
.decl val_graph(x: id, g: id)           // a named graph used as a value
.decl val_edge(x: id, t: id, h: id)     // an edge used as a value (sides are sets)
.decl val_uedge(x: id, a: id, b: id)
.decl val_ann(x: id, p: id)             // payload of an edge-valued value
.decl val_struct(x: id, name: symbol)   // fallback for structs without a usable .decl
.decl val_arg(x: id, i: number, m: id)
.decl City(x: id, name: symbol, pop: number)
show("%v0", "1.5").
val_dec("%v0", 1.5).
show("%v1", "City(\"x\", 9)").
City("%v1", "x", 9).
show("%v2", "\"b\"").
val_str("%v2", "b").
show("%v3", "\"Zürich\"").
val_str("%v3", "Zürich").
show("%v4", "\"a\"").
val_str("%v4", "a").
show("%v5", "2.0").
val_dec("%v5", 2.0).
show("%v6", "%u5").
val_fronce("%v6", "%u5").
show("%v7", "g1").
val_graph("%v7", "g1").
show("%v8", "0.0").
val_dec("%v8", 0.0).
show("%v9", "1").
val_int("%v9", 1).
show("%v10", "2").
val_int("%v10", 2).
show("%v11", "City(\"日本\", 3)").
City("%v11", "日本", 3).
show("%v12", "City(\"日本\", 4)").
City("%v12", "日本", 4).
show("%v13", "3").
val_int("%v13", 3).
show("%v14", "\"日本橋\"").
val_str("%v14", "日本橋").
show("%v15", "%u14").
val_fronce("%v15", "%u14").
show("%v16", "%a0").
val_fronce("%v16", "%a0").
graph("g1").
graph_name("g1", "g1").
graph_tag("g1", "").
show("g1", "g1").
vertex("g1", "%v0").
vertex("g1", "%v1").
vertex("g1", "%v2").
vertex("g1", "%v3").
vertex("g1", "%v4").
vertex("g1", "%v5").
edge("g1", "%e0").
group("g1", "#0", "%e0").
show("%e0", "#0").
tail("%e0", "%v0").
tail("%e0", "%v1").
head("%e0", "%v2").
edge("g1", "%e1").
group("g1", "#1", "%e1").
show("%e1", "#1[%u5].fwd").
tail("%e1", "%v3").
tail("%e1", "%v4").
head("%e1", "%v3").
head("%e1", "%v4").
payload("%e1", "%v6").
edge("g1", "%e2").
group("g1", "#1", "%e2").
show("%e2", "#1[%u5].bwd").
tail("%e2", "%v3").
tail("%e2", "%v4").
head("%e2", "%v3").
head("%e2", "%v4").
payload("%e2", "%v6").
edge("g1", "%e3").
group("g1", "#2", "%e3").
show("%e3", "#2").
tail("%e3", "%v5").
tail("%e3", "%v4").
head("%e3", "%v5").
head("%e3", "%v4").
graph("g2").
graph_name("g2", "g2").
graph_tag("g2", "").
show("g2", "g2").
vertex("g2", "%v7").
vertex("g2", "%v8").
vertex("g2", "%v2").
vertex("g2", "%v0").
edge("g2", "%e4").
group("g2", "#0", "%e4").
show("%e4", "#0.fwd").
tail("%e4", "%v7").
tail("%e4", "%v8").
head("%e4", "%v2").
head("%e4", "%v0").
edge("g2", "%e5").
group("g2", "#0", "%e5").
show("%e5", "#0.bwd").
tail("%e5", "%v2").
tail("%e5", "%v0").
head("%e5", "%v7").
head("%e5", "%v8").
graph("m3").
graph_name("m3", "m3").
graph_tag("m3", "").
show("m3", "m3").
vertex("m3", "%v0").
vertex("m3", "%v9").
edge("m3", "%e6").
group("m3", "#0", "%e6").
show("%e6", "#0").
tail("%e6", "%v0").
head("%e6", "%v9").
graph("g5").
graph_name("g5", "g5").
graph_tag("g5", "").
show("g5", "g5").
vertex("g5", "%v10").
vertex("g5", "%v11").
vertex("g5", "%v12").
vertex("g5", "%v5").
vertex("g5", "%v13").
vertex("g5", "%v2").
vertex("g5", "%v14").
edge("g5", "%e7").
group("g5", "#0", "%e7").
show("%e7", "#0[%u14].fwd").
tail("%e7", "%v10").
head("%e7", "%v10").
payload("%e7", "%v15").
edge("g5", "%e8").
group("g5", "#0", "%e8").
show("%e8", "#0[%u14].bwd").
tail("%e8", "%v10").
head("%e8", "%v10").
payload("%e8", "%v15").
edge("g5", "%e9").
group("g5", "#1", "%e9").
show("%e9", "#1[%a0]").
tail("%e9", "%v11").
head("%e9", "%v12").
payload("%e9", "%v16").
edge("g5", "%e10").
group("g5", "#2", "%e10").
show("%e10", "#2").
tail("%e10", "%v5").
tail("%e10", "%v13").
head("%e10", "%v2").
head("%e10", "%v14").
graph("v6").
graph_name("v6", "v6").
graph_tag("v6", "").
show("v6", "v6").
vertex("v6", "%v0").
vertex("v6", "%v1").
vertex("v6", "%v2").
vertex("v6", "%v3").
vertex("v6", "%v4").
vertex("v6", "%v5").
edge("v6", "%e11").
group("v6", "#0", "%e11").
show("%e11", "#0").
tail("%e11", "%v0").
tail("%e11", "%v1").
head("%e11", "%v2").
edge("v6", "%e12").
group("v6", "#1", "%e12").
show("%e12", "#1[%u5].fwd").
tail("%e12", "%v3").
tail("%e12", "%v4").
head("%e12", "%v3").
head("%e12", "%v4").
payload("%e12", "%v6").
edge("v6", "%e13").
group("v6", "#1", "%e13").
show("%e13", "#1[%u5].bwd").
tail("%e13", "%v3").
tail("%e13", "%v4").
head("%e13", "%v3").
head("%e13", "%v4").
payload("%e13", "%v6").
edge("v6", "%e14").
group("v6", "#2", "%e14").
show("%e14", "#2").
tail("%e14", "%v5").
tail("%e14", "%v4").
head("%e14", "%v5").
head("%e14", "%v4").
