== report
stmt 1: struct City { name: String, pop: Int }
stmt 2: m1 : mut Set<Edge> + Set<UndirectedEdge>
stmt 3: m2 : mut Set<Edge> + Set<UndirectedEdge>
stmt 4: g3 : Set<Edge>
typecheck: OK
== incidence
graph m1: 8 vertices x 3 columns (groups: #0[1], #1[1], #2[1])
                   #0  #1  #2
              "b"  -1   .   .
              "a"  +1   .   .
     City("x", 1)   .  -1   .
                3   .  -1   .
              1.5   .  +1   .
  City("日本", 5)   .   .  -1
              2.0   .   .  +1
                2   .   .  +1

graph m2: 4 vertices x 3 columns (groups: #0[1], #1[1], #2[1])
                #0  #1  #2
  City("x", 1)   2   .   .
      "日本橋"   .  -1  -1
           "a"   .  +1   .
             2   .   .  +1

graph g3: 2 vertices x 1 columns (groups: #0[1])
                #0
  City("y", 7)  -1
  City("x", 4)  +1

== facts
// hypergraph facts — base relations (see hypergraph-ml/lib/facts.ml)
.type id <: symbol
.decl graph(g: id)                      // a drawn graph variable
.decl graph_name(g: id, name: symbol)   // its source name, tag stripped
.decl graph_tag(g: id, tag: symbol)     // --tag of the emitting program ("" if none)
.decl vertex(g: id, v: id)              // v is a row of g
.decl edge(g: id, e: id)                // e is a column of g
.decl group(g: id, grp: symbol, e: id)  // atlas grouping, by group label
.decl tail(e: id, v: id)                // incidence -1 (2 emits both)
.decl head(e: id, v: id)                // incidence +1 (2 emits both)
.decl payload(e: id, p: id)             // the edge's '-[p]->' annotation
.decl show(x: id, text: symbol)         // display form — provenance, not a parsing surface
.decl val_int(x: id, n: number)
.decl val_str(x: id, s: symbol)
.decl val_dec(x: id, d: float)
.decl val_fronce(x: id, t: symbol)      // "%aN" minted / "%uN" pinned
.decl val_set(x: id)
.decl val_elem(x: id, m: id)            // set membership
.decl val_graph(x: id, g: id)           // a named graph used as a value
.decl val_edge(x: id, t: id, h: id)     // an edge used as a value (sides are sets)
.decl val_uedge(x: id, a: id, b: id)
.decl val_ann(x: id, p: id)             // payload of an edge-valued value
.decl val_struct(x: id, name: symbol)   // fallback for structs without a usable .decl
.decl val_arg(x: id, i: number, m: id)
.decl City(x: id, name: symbol, pop: number)
show("%v0", "\"b\"").
val_str("%v0", "b").
show("%v1", "\"a\"").
val_str("%v1", "a").
show("%v2", "City(\"x\", 1)").
City("%v2", "x", 1).
show("%v3", "3").
val_int("%v3", 3).
show("%v4", "1.5").
val_dec("%v4", 1.5).
show("%v5", "City(\"日本\", 5)").
City("%v5", "日本", 5).
show("%v6", "2.0").
val_dec("%v6", 2.0).
show("%v7", "2").
val_int("%v7", 2).
show("%v8", "\"日本橋\"").
val_str("%v8", "日本橋").
show("%v9", "City(\"y\", 7)").
City("%v9", "y", 7).
show("%v10", "City(\"x\", 4)").
City("%v10", "x", 4).
graph("m1").
graph_name("m1", "m1").
graph_tag("m1", "").
show("m1", "m1").
vertex("m1", "%v0").
vertex("m1", "%v1").
vertex("m1", "%v2").
vertex("m1", "%v3").
vertex("m1", "%v4").
vertex("m1", "%v5").
vertex("m1", "%v6").
vertex("m1", "%v7").
edge("m1", "%e0").
group("m1", "#0", "%e0").
show("%e0", "#0").
tail("%e0", "%v0").
head("%e0", "%v1").
edge("m1", "%e1").
group("m1", "#1", "%e1").
show("%e1", "#1").
tail("%e1", "%v2").
tail("%e1", "%v3").
head("%e1", "%v4").
edge("m1", "%e2").
group("m1", "#2", "%e2").
show("%e2", "#2").
tail("%e2", "%v5").
head("%e2", "%v6").
head("%e2", "%v7").
graph("m2").
graph_name("m2", "m2").
graph_tag("m2", "").
show("m2", "m2").
vertex("m2", "%v2").
vertex("m2", "%v8").
vertex("m2", "%v1").
vertex("m2", "%v7").
edge("m2", "%e3").
group("m2", "#0", "%e3").
show("%e3", "#0").
tail("%e3", "%v2").
head("%e3", "%v2").
edge("m2", "%e4").
group("m2", "#1", "%e4").
show("%e4", "#1").
tail("%e4", "%v8").
head("%e4", "%v1").
edge("m2", "%e5").
group("m2", "#2", "%e5").
show("%e5", "#2").
tail("%e5", "%v8").
head("%e5", "%v7").
graph("g3").
graph_name("g3", "g3").
graph_tag("g3", "").
show("g3", "g3").
vertex("g3", "%v9").
vertex("g3", "%v10").
edge("g3", "%e6").
group("g3", "#0", "%e6").
show("%e6", "#0").
tail("%e6", "%v9").
head("%e6", "%v10").
