== report
stmt 1: error: unknown type 'I'
stmt 1: error: unknown type 'E'
stmt 1: error: types cannot be juxtaposed: 'A0 G<...>' has no meaning
stmt 1: error: 'mut' applies to only part of the sum — write 'mut (...)' around the whole type
stmt 1: error: 'mut' is not allowed in struct fields
stmt 2: error: unknown struct F1a
stmt 2: error: unknown type 'Eba1'
stmt 2: b0b : unknown
stmt 3: azy : Int
stmt 4: error: unknown type 'J'
stmt 4: error: unknown type 'B'
stmt 4: error: unknown type 'Ib'
stmt 4: error: unknown type 'Eay_'
stmt 4: error: 'mut' applies to only part of the sum — write 'mut (...)' around the whole type
stmt 4: error: 'mut' is not allowed in struct fields
stmt 4: error: unknown type 'Czbc'
stmt 4: error: 'mut' is not allowed in struct fields
stmt 5: ey_x : Fronce
stmt 6: error: assignment to undefined variable c
stmt 6: error: undefined variable ez
stmt 6: error: undefined variable ecy2
stmt 6: error: undefined variable c
stmt 6: error: undefined variable j
stmt 6: error: undefined variable hcx
stmt 6: error: unknown struct F
stmt 6: error: undefined variable b
stmt 6: error: undefined variable d_c2
stmt 6: error: undefined variable f0
stmt 6: error: undefined variable g_
typecheck: 26 error(s)
== incidence
error[T040]: unknown type 'I'
 --> FILE:1:1
  |
1 | struct Cay0 {h: (mut I + (E)) + A0 G<mut F>}
  | ^
error[T040]: unknown type 'E'
 --> FILE:1:1
  |
1 | struct Cay0 {h: (mut I + (E)) + A0 G<mut F>}
  | ^
error[T000]: types cannot be juxtaposed: 'A0 G<...>' has no meaning
 --> FILE:1:1
  |
1 | struct Cay0 {h: (mut I + (E)) + A0 G<mut F>}
  | ^
error[T000]: 'mut' applies to only part of the sum — write 'mut (...)' around the whole type
 --> FILE:1:1
  |
1 | struct Cay0 {h: (mut I + (E)) + A0 G<mut F>}
  | ^
error[T000]: 'mut' is not allowed in struct fields
 --> FILE:1:1
  |
1 | struct Cay0 {h: (mut I + (E)) + A0 G<mut F>}
  | ^
error[T040]: unknown struct F1a
 --> FILE:2:1
  |
2 | let b0b: Eba1 = F1a({} ^ {})  // trailing
  | ^
error[T040]: unknown type 'Eba1'
 --> FILE:2:1
  |
2 | let b0b: Eba1 = F1a({} ^ {})  // trailing
  | ^
stmt 2: b0b : unknown
stmt 3: azy : Int
error[T040]: unknown type 'J'
 --> FILE:4:1
  |
4 | struct A {ccay: (J + B<G + B11c, D + Eyy>), c_x: mut Ib<Dzay<mut Jb, A> + C<D, E + Bb02>> + Eay_<D0xa<B_z1 + mut Cb__, mut Ib> + Dca, G + C_>, h_: mut Czbc}
  | ^
error[T040]: unknown type 'B'
 --> FILE:4:1
  |
4 | struct A {ccay: (J + B<G + B11c, D + Eyy>), c_x: mut Ib<Dzay<mut Jb, A> + C<D, E + Bb02>> + Eay_<D0xa<B_z1 + mut Cb__, mut Ib> + Dca, G + C_>, h_: mut Czbc}
  | ^
error[T040]: unknown type 'Ib'
 --> FILE:4:1
  |
4 | struct A {ccay: (J + B<G + B11c, D + Eyy>), c_x: mut Ib<Dzay<mut Jb, A> + C<D, E + Bb02>> + Eay_<D0xa<B_z1 + mut Cb__, mut Ib> + Dca, G + C_>, h_: mut Czbc}
  | ^
error[T040]: unknown type 'Eay_'
 --> FILE:4:1
  |
4 | struct A {ccay: (J + B<G + B11c, D + Eyy>), c_x: mut Ib<Dzay<mut Jb, A> + C<D, E + Bb02>> + Eay_<D0xa<B_z1 + mut Cb__, mut Ib> + Dca, G + C_>, h_: mut Czbc}
  | ^
error[T000]: 'mut' applies to only part of the sum — write 'mut (...)' around the whole type
 --> FILE:4:1
  |
4 | struct A {ccay: (J + B<G + B11c, D + Eyy>), c_x: mut Ib<Dzay<mut Jb, A> + C<D, E + Bb02>> + Eay_<D0xa<B_z1 + mut Cb__, mut Ib> + Dca, G + C_>, h_: mut Czbc}
  | ^
error[T000]: 'mut' is not allowed in struct fields
 --> FILE:4:1
  |
4 | struct A {ccay: (J + B<G + B11c, D + Eyy>), c_x: mut Ib<Dzay<mut Jb, A> + C<D, E + Bb02>> + Eay_<D0xa<B_z1 + mut Cb__, mut Ib> + Dca, G + C_>, h_: mut Czbc}
  | ^
error[T040]: unknown type 'Czbc'
 --> FILE:4:1
  |
4 | struct A {ccay: (J + B<G + B11c, D + Eyy>), c_x: mut Ib<Dzay<mut Jb, A> + C<D, E + Bb02>> + Eay_<D0xa<B_z1 + mut Cb__, mut Ib> + Dca, G + C_>, h_: mut Czbc}
  | ^
error[T000]: 'mut' is not allowed in struct fields
 --> FILE:4:1
  |
4 | struct A {ccay: (J + B<G + B11c, D + Eyy>), c_x: mut Ib<Dzay<mut Jb, A> + C<D, E + Bb02>> + Eay_<D0xa<B_z1 + mut Cb__, mut Ib> + Dca, G + C_>, h_: mut Czbc}
  | ^
stmt 5: ey_x : Fronce
error[T000]: assignment to undefined variable c
 --> FILE:7:1
  |
7 | c &= {{} & {"ü\r\\'",
  | ^
error[T000]: undefined variable ez
 --> FILE:7:1
  |
7 | c &= {{} & {"ü\r\\'",
  | ^
error[T000]: undefined variable ecy2
 --> FILE:7:1
  |
7 | c &= {{} & {"ü\r\\'",
  | ^
error[T000]: undefined variable c
 --> FILE:7:1
  |
7 | c &= {{} & {"ü\r\\'",
  | ^
error[T000]: undefined variable j
 --> FILE:7:1
  |
7 | c &= {{} & {"ü\r\\'",
  | ^
error[T000]: undefined variable hcx
 --> FILE:7:1
  |
7 | c &= {{} & {"ü\r\\'",
  | ^
error[T040]: unknown struct F
 --> FILE:7:1
  |
7 | c &= {{} & {"ü\r\\'",
  | ^
error[T000]: undefined variable b
 --> FILE:7:1
  |
7 | c &= {{} & {"ü\r\\'",
  | ^
error[T000]: undefined variable d_c2
 --> FILE:7:1
  |
7 | c &= {{} & {"ü\r\\'",
  | ^
error[T000]: undefined variable f0
 --> FILE:7:1
  |
7 | c &= {{} & {"ü\r\\'",
  | ^
error[T000]: undefined variable g_
 --> FILE:7:1
  |
7 | c &= {{} & {"ü\r\\'",
  | ^
typecheck: 26 error(s)
== facts
error[T040]: unknown type 'I'
 --> FILE:1:1
  |
1 | struct Cay0 {h: (mut I + (E)) + A0 G<mut F>}
  | ^
error[T040]: unknown type 'E'
 --> FILE:1:1
  |
1 | struct Cay0 {h: (mut I + (E)) + A0 G<mut F>}
  | ^
error[T000]: types cannot be juxtaposed: 'A0 G<...>' has no meaning
 --> FILE:1:1
  |
1 | struct Cay0 {h: (mut I + (E)) + A0 G<mut F>}
  | ^
error[T000]: 'mut' applies to only part of the sum — write 'mut (...)' around the whole type
 --> FILE:1:1
  |
1 | struct Cay0 {h: (mut I + (E)) + A0 G<mut F>}
  | ^
error[T000]: 'mut' is not allowed in struct fields
 --> FILE:1:1
  |
1 | struct Cay0 {h: (mut I + (E)) + A0 G<mut F>}
  | ^
error[T040]: unknown struct F1a
 --> FILE:2:1
  |
2 | let b0b: Eba1 = F1a({} ^ {})  // trailing
  | ^
error[T040]: unknown type 'Eba1'
 --> FILE:2:1
  |
2 | let b0b: Eba1 = F1a({} ^ {})  // trailing
  | ^
stmt 2: b0b : unknown
stmt 3: azy : Int
error[T040]: unknown type 'J'
 --> FILE:4:1
  |
4 | struct A {ccay: (J + B<G + B11c, D + Eyy>), c_x: mut Ib<Dzay<mut Jb, A> + C<D, E + Bb02>> + Eay_<D0xa<B_z1 + mut Cb__, mut Ib> + Dca, G + C_>, h_: mut Czbc}
  | ^
error[T040]: unknown type 'B'
 --> FILE:4:1
  |
4 | struct A {ccay: (J + B<G + B11c, D + Eyy>), c_x: mut Ib<Dzay<mut Jb, A> + C<D, E + Bb02>> + Eay_<D0xa<B_z1 + mut Cb__, mut Ib> + Dca, G + C_>, h_: mut Czbc}
  | ^
error[T040]: unknown type 'Ib'
 --> FILE:4:1
  |
4 | struct A {ccay: (J + B<G + B11c, D + Eyy>), c_x: mut Ib<Dzay<mut Jb, A> + C<D, E + Bb02>> + Eay_<D0xa<B_z1 + mut Cb__, mut Ib> + Dca, G + C_>, h_: mut Czbc}
  | ^
error[T040]: unknown type 'Eay_'
 --> FILE:4:1
  |
4 | struct A {ccay: (J + B<G + B11c, D + Eyy>), c_x: mut Ib<Dzay<mut Jb, A> + C<D, E + Bb02>> + Eay_<D0xa<B_z1 + mut Cb__, mut Ib> + Dca, G + C_>, h_: mut Czbc}
  | ^
error[T000]: 'mut' applies to only part of the sum — write 'mut (...)' around the whole type
 --> FILE:4:1
  |
4 | struct A {ccay: (J + B<G + B11c, D + Eyy>), c_x: mut Ib<Dzay<mut Jb, A> + C<D, E + Bb02>> + Eay_<D0xa<B_z1 + mut Cb__, mut Ib> + Dca, G + C_>, h_: mut Czbc}
  | ^
error[T000]: 'mut' is not allowed in struct fields
 --> FILE:4:1
  |
4 | struct A {ccay: (J + B<G + B11c, D + Eyy>), c_x: mut Ib<Dzay<mut Jb, A> + C<D, E + Bb02>> + Eay_<D0xa<B_z1 + mut Cb__, mut Ib> + Dca, G + C_>, h_: mut Czbc}
  | ^
error[T040]: unknown type 'Czbc'
 --> FILE:4:1
  |
4 | struct A {ccay: (J + B<G + B11c, D + Eyy>), c_x: mut Ib<Dzay<mut Jb, A> + C<D, E + Bb02>> + Eay_<D0xa<B_z1 + mut Cb__, mut Ib> + Dca, G + C_>, h_: mut Czbc}
  | ^
error[T000]: 'mut' is not allowed in struct fields
 --> FILE:4:1
  |
4 | struct A {ccay: (J + B<G + B11c, D + Eyy>), c_x: mut Ib<Dzay<mut Jb, A> + C<D, E + Bb02>> + Eay_<D0xa<B_z1 + mut Cb__, mut Ib> + Dca, G + C_>, h_: mut Czbc}
  | ^
stmt 5: ey_x : Fronce
error[T000]: assignment to undefined variable c
 --> FILE:7:1
  |
7 | c &= {{} & {"ü\r\\'",
  | ^
error[T000]: undefined variable ez
 --> FILE:7:1
  |
7 | c &= {{} & {"ü\r\\'",
  | ^
error[T000]: undefined variable ecy2
 --> FILE:7:1
  |
7 | c &= {{} & {"ü\r\\'",
  | ^
error[T000]: undefined variable c
 --> FILE:7:1
  |
7 | c &= {{} & {"ü\r\\'",
  | ^
error[T000]: undefined variable j
 --> FILE:7:1
  |
7 | c &= {{} & {"ü\r\\'",
  | ^
error[T000]: undefined variable hcx
 --> FILE:7:1
  |
7 | c &= {{} & {"ü\r\\'",
  | ^
error[T040]: unknown struct F
 --> FILE:7:1
  |
7 | c &= {{} & {"ü\r\\'",
  | ^
error[T000]: undefined variable b
 --> FILE:7:1
  |
7 | c &= {{} & {"ü\r\\'",
  | ^
error[T000]: undefined variable d_c2
 --> FILE:7:1
  |
7 | c &= {{} & {"ü\r\\'",
  | ^
error[T000]: undefined variable f0
 --> FILE:7:1
  |
7 | c &= {{} & {"ü\r\\'",
  | ^
error[T000]: undefined variable g_
 --> FILE:7:1
  |
7 | c &= {{} & {"ü\r\\'",
  | ^
typecheck: 26 error(s)
