== report
stmt 1: error: undefined variable jaxa
stmt 1: error: undefined variable c0c
stmt 1: error: undefined variable j2c
stmt 1: error: undefined variable i
stmt 1: error: undefined variable iz1_
stmt 1: error: undefined variable fxc
stmt 1: error: undefined variable d
stmt 1: error: undefined variable a_1
stmt 1: b_a : Set<Fronce> + Set<Edge<Decimal>>
stmt 2: error: assignment to undefined variable c
stmt 2: error: undefined variable j
stmt 2: error: undefined variable ec2a
stmt 2: error: undefined variable f
stmt 2: error: undefined variable dcyz
stmt 2: error: undefined variable h
stmt 2: error: undefined variable h1yb
stmt 2: error: undefined variable ix_
stmt 2: error: undefined variable d0
stmt 2: error: undefined variable hx_
stmt 2: error: undefined variable fbx
stmt 3: error: assignment to undefined variable j
stmt 3: error: undefined variable i2
typecheck: 21 error(s)
== incidence
error[T000]: undefined variable jaxa
 --> FILE:1:1
  |
1 | let b_a = {#70, #, (jaxa & c0c & j2c) -[367.87]-> (i) & (iz1_ / fxc / d) & {{}, a_1, "\f\b\""}}  // trailing
  | ^
error[T000]: undefined variable c0c
 --> FILE:1:1
  |
1 | let b_a = {#70, #, (jaxa & c0c & j2c) -[367.87]-> (i) & (iz1_ / fxc / d) & {{}, a_1, "\f\b\""}}  // trailing
  | ^
error[T000]: undefined variable j2c
 --> FILE:1:1
  |
1 | let b_a = {#70, #, (jaxa & c0c & j2c) -[367.87]-> (i) & (iz1_ / fxc / d) & {{}, a_1, "\f\b\""}}  // trailing
  | ^
error[T000]: undefined variable i
 --> FILE:1:1
  |
1 | let b_a = {#70, #, (jaxa & c0c & j2c) -[367.87]-> (i) & (iz1_ / fxc / d) & {{}, a_1, "\f\b\""}}  // trailing
  | ^
error[T000]: undefined variable iz1_
 --> FILE:1:1
  |
1 | let b_a = {#70, #, (jaxa & c0c & j2c) -[367.87]-> (i) & (iz1_ / fxc / d) & {{}, a_1, "\f\b\""}}  // trailing
  | ^
error[T000]: undefined variable fxc
 --> FILE:1:1
  |
1 | let b_a = {#70, #, (jaxa & c0c & j2c) -[367.87]-> (i) & (iz1_ / fxc / d) & {{}, a_1, "\f\b\""}}  // trailing
  | ^
error[T000]: undefined variable d
 --> FILE:1:1
  |
1 | let b_a = {#70, #, (jaxa & c0c & j2c) -[367.87]-> (i) & (iz1_ / fxc / d) & {{}, a_1, "\f\b\""}}  // trailing
  | ^
error[T000]: undefined variable a_1
 --> FILE:1:1
  |
1 | let b_a = {#70, #, (jaxa & c0c & j2c) -[367.87]-> (i) & (iz1_ / fxc / d) & {{}, a_1, "\f\b\""}}  // trailing
  | ^
stmt 1: b_a : Set<Fronce> + Set<Edge<Decimal>>
error[T000]: assignment to undefined variable c
 --> FILE:2:1
  |
2 | c ^= j / {"a\b\"", {} & (f & dcyz & h) & h1yb <- ec2a, (-865_2)} / {ix_ / d0, {hx_
  | ^
error[T000]: undefined variable j
 --> FILE:2:1
  |
2 | c ^= j / {"a\b\"", {} & (f & dcyz & h) & h1yb <- ec2a, (-865_2)} / {ix_ / d0, {hx_
  | ^
error[T000]: undefined variable ec2a
 --> FILE:2:1
  |
2 | c ^= j / {"a\b\"", {} & (f & dcyz & h) & h1yb <- ec2a, (-865_2)} / {ix_ / d0, {hx_
  | ^
error[T000]: undefined variable f
 --> FILE:2:1
  |
2 | c ^= j / {"a\b\"", {} & (f & dcyz & h) & h1yb <- ec2a, (-865_2)} / {ix_ / d0, {hx_
  | ^
error[T000]: undefined variable dcyz
 --> FILE:2:1
  |
2 | c ^= j / {"a\b\"", {} & (f & dcyz & h) & h1yb <- ec2a, (-865_2)} / {ix_ / d0, {hx_
  | ^
error[T000]: undefined variable h
 --> FILE:2:1
  |
2 | c ^= j / {"a\b\"", {} & (f & dcyz & h) & h1yb <- ec2a, (-865_2)} / {ix_ / d0, {hx_
  | ^
error[T000]: undefined variable h1yb
 --> FILE:2:1
  |
2 | c ^= j / {"a\b\"", {} & (f & dcyz & h) & h1yb <- ec2a, (-865_2)} / {ix_ / d0, {hx_
  | ^
error[T000]: undefined variable ix_
 --> FILE:2:1
  |
2 | c ^= j / {"a\b\"", {} & (f & dcyz & h) & h1yb <- ec2a, (-865_2)} / {ix_ / d0, {hx_
  | ^
error[T000]: undefined variable d0
 --> FILE:2:1
  |
2 | c ^= j / {"a\b\"", {} & (f & dcyz & h) & h1yb <- ec2a, (-865_2)} / {ix_ / d0, {hx_
  | ^
error[T000]: undefined variable hx_
 --> FILE:2:1
  |
2 | c ^= j / {"a\b\"", {} & (f & dcyz & h) & h1yb <- ec2a, (-865_2)} / {ix_ / d0, {hx_
  | ^
error[T000]: undefined variable fbx
 --> FILE:2:1
  |
2 | c ^= j / {"a\b\"", {} & (f & dcyz & h) & h1yb <- ec2a, (-865_2)} / {ix_ / d0, {hx_
  | ^
error[T000]: assignment to undefined variable j
 --> FILE:4:1
  |
4 | j &= i2 ^ {}
  | ^
error[T000]: undefined variable i2
 --> FILE:4:1
  |
4 | j &= i2 ^ {}
  | ^
typecheck: 21 error(s)
== facts
error[T000]: undefined variable jaxa
 --> FILE:1:1
  |
1 | let b_a = {#70, #, (jaxa & c0c & j2c) -[367.87]-> (i) & (iz1_ / fxc / d) & {{}, a_1, "\f\b\""}}  // trailing
  | ^
error[T000]: undefined variable c0c
 --> FILE:1:1
  |
1 | let b_a = {#70, #, (jaxa & c0c & j2c) -[367.87]-> (i) & (iz1_ / fxc / d) & {{}, a_1, "\f\b\""}}  // trailing
  | ^
error[T000]: undefined variable j2c
 --> FILE:1:1
  |
1 | let b_a = {#70, #, (jaxa & c0c & j2c) -[367.87]-> (i) & (iz1_ / fxc / d) & {{}, a_1, "\f\b\""}}  // trailing
  | ^
error[T000]: undefined variable i
 --> FILE:1:1
  |
1 | let b_a = {#70, #, (jaxa & c0c & j2c) -[367.87]-> (i) & (iz1_ / fxc / d) & {{}, a_1, "\f\b\""}}  // trailing
  | ^
error[T000]: undefined variable iz1_
 --> FILE:1:1
  |
1 | let b_a = {#70, #, (jaxa & c0c & j2c) -[367.87]-> (i) & (iz1_ / fxc / d) & {{}, a_1, "\f\b\""}}  // trailing
  | ^
error[T000]: undefined variable fxc
 --> FILE:1:1
  |
1 | let b_a = {#70, #, (jaxa & c0c & j2c) -[367.87]-> (i) & (iz1_ / fxc / d) & {{}, a_1, "\f\b\""}}  // trailing
  | ^
error[T000]: undefined variable d
 --> FILE:1:1
  |
1 | let b_a = {#70, #, (jaxa & c0c & j2c) -[367.87]-> (i) & (iz1_ / fxc / d) & {{}, a_1, "\f\b\""}}  // trailing
  | ^
error[T000]: undefined variable a_1
 --> FILE:1:1
  |
1 | let b_a = {#70, #, (jaxa & c0c & j2c) -[367.87]-> (i) & (iz1_ / fxc / d) & {{}, a_1, "\f\b\""}}  // trailing
  | ^
stmt 1: b_a : Set<Fronce> + Set<Edge<Decimal>>
error[T000]: assignment to undefined variable c
 --> FILE:2:1
  |
2 | c ^= j / {"a\b\"", {} & (f & dcyz & h) & h1yb <- ec2a, (-865_2)} / {ix_ / d0, {hx_
  | ^
error[T000]: undefined variable j
 --> FILE:2:1
  |
2 | c ^= j / {"a\b\"", {} & (f & dcyz & h) & h1yb <- ec2a, (-865_2)} / {ix_ / d0, {hx_
  | ^
error[T000]: undefined variable ec2a
 --> FILE:2:1
  |
2 | c ^= j / {"a\b\"", {} & (f & dcyz & h) & h1yb <- ec2a, (-865_2)} / {ix_ / d0, {hx_
  | ^
error[T000]: undefined variable f
 --> FILE:2:1
  |
2 | c ^= j / {"a\b\"", {} & (f & dcyz & h) & h1yb <- ec2a, (-865_2)} / {ix_ / d0, {hx_
  | ^
error[T000]: undefined variable dcyz
 --> FILE:2:1
  |
2 | c ^= j / {"a\b\"", {} & (f & dcyz & h) & h1yb <- ec2a, (-865_2)} / {ix_ / d0, {hx_
  | ^
error[T000]: undefined variable h
 --> FILE:2:1
  |
2 | c ^= j / {"a\b\"", {} & (f & dcyz & h) & h1yb <- ec2a, (-865_2)} / {ix_ / d0, {hx_
  | ^
error[T000]: undefined variable h1yb
 --> FILE:2:1
  |
2 | c ^= j / {"a\b\"", {} & (f & dcyz & h) & h1yb <- ec2a, (-865_2)} / {ix_ / d0, {hx_
  | ^
error[T000]: undefined variable ix_
 --> FILE:2:1
  |
2 | c ^= j / {"a\b\"", {} & (f & dcyz & h) & h1yb <- ec2a, (-865_2)} / {ix_ / d0, {hx_
  | ^
error[T000]: undefined variable d0
 --> FILE:2:1
  |
2 | c ^= j / {"a\b\"", {} & (f & dcyz & h) & h1yb <- ec2a, (-865_2)} / {ix_ / d0, {hx_
  | ^
error[T000]: undefined variable hx_
 --> FILE:2:1
  |
2 | c ^= j / {"a\b\"", {} & (f & dcyz & h) & h1yb <- ec2a, (-865_2)} / {ix_ / d0, {hx_
  | ^
error[T000]: undefined variable fbx
 --> FILE:2:1
  |
2 | c ^= j / {"a\b\"", {} & (f & dcyz & h) & h1yb <- ec2a, (-865_2)} / {ix_ / d0, {hx_
  | ^
error[T000]: assignment to undefined variable j
 --> FILE:4:1
  |
4 | j &= i2 ^ {}
  | ^
error[T000]: undefined variable i2
 --> FILE:4:1
  |
4 | j &= i2 ^ {}
  | ^
typecheck: 21 error(s)
